[    0.000000] Initializing cgroup subsys cpuset
[    0.000000] Initializing cgroup subsys cpu
[    0.000000] Initializing cgroup subsys cpuacct
[    0.000000] Linux version 4.4.0-97-generic (buildd@lcy01-33) (gcc version 5.4.0 20160609 (Ubuntu 5.4.0-6ubuntu1~16.04.4) ) #120-Ubuntu SMP Tue Sep 19 17:28:18 UTC 2017 (Ubuntu 4.4.0-97.120-generic 4.4.87)
[    0.000000] Command line: BOOT_IMAGE=/boot/vmlinuz-4.4.0-97-generic root=LABEL=cloudimg-rootfs ro console=tty1 console=ttyS0
[    0.000000] KERNEL supported cpus:
[    0.000000]   Intel GenuineIntel
[    0.000000]   AMD AuthenticAMD
[    0.000000]   Centaur CentaurHauls
[    0.000000] x86/fpu: xstate_offset[2]:  576, xstate_sizes[2]:  256
[    0.000000] x86/fpu: Supporting XSAVE feature 0x01: 'x87 floating point registers'
[    0.000000] x86/fpu: Supporting XSAVE feature 0x02: 'SSE registers'
[    0.000000] x86/fpu: Supporting XSAVE feature 0x04: 'AVX registers'
[    0.000000] x86/fpu: Enabled xstate features 0x7, context size is 832 bytes, using 'standard' format.
[    0.000000] x86/fpu: Using 'lazy' FPU context switches.
[    0.000000] e820: BIOS-provided physical RAM map:
[    0.000000] BIOS-e820: [mem 0x0000000000000000-0x000000000009fbff] usable
[    0.000000] BIOS-e820: [mem 0x000000000009fc00-0x000000000009ffff] reserved
[    0.000000] BIOS-e820: [mem 0x00000000000f0000-0x00000000000fffff] reserved
[    0.000000] BIOS-e820: [mem 0x0000000000100000-0x000000007ffeffff] usable
[    0.000000] BIOS-e820: [mem 0x000000007fff0000-0x000000007fffffff] ACPI data
[    0.000000] BIOS-e820: [mem 0x00000000fec00000-0x00000000fec00fff] reserved
[    0.000000] BIOS-e820: [mem 0x00000000fee00000-0x00000000fee00fff] reserved
[    0.000000] BIOS-e820: [mem 0x00000000fffc0000-0x00000000ffffffff] reserved
[    0.000000] NX (Execute Disable) protection: active
[    0.000000] SMBIOS 2.5 present.
[    0.000000] Hypervisor detected: KVM
[    0.000000] e820: last_pfn = 0x7fff0 max_arch_pfn = 0x400000000
[    0.000000] MTRR: Disabled
[    0.000000] x86/PAT: MTRRs disabled, skipping PAT initialization too.
[    0.000000] CPU MTRRs all blank - virtualized system.
[    0.000000] x86/PAT: Configuration [0-7]: WB  WT  UC- UC  WB  WT  UC- UC  
[    0.000000] found SMP MP-table at [mem 0x0009fff0-0x0009ffff] mapped at [ffff88000009fff0]
[    0.000000] Scanning 1 areas for low memory corruption
[    0.000000] RAMDISK: [mem 0x36abc000-0x37555fff]
[    0.000000] ACPI: Early table checksum verification disabled
[    0.000000] ACPI: RSDP 0x00000000000E0000 000024 (v02 VBOX  )
[    0.000000] ACPI: XSDT 0x000000007FFF0030 00003C (v01 VBOX   VBOXXSDT 00000001 ASL  00000061)
[    0.000000] ACPI: FACP 0x000000007FFF00F0 0000F4 (v04 VBOX   VBOXFACP 00000001 ASL  00000061)
[    0.000000] ACPI: DSDT 0x000000007FFF0470 0021C8 (v02 VBOX   VBOXBIOS 00000002 INTL 20100528)
[    0.000000] ACPI: FACS 0x000000007FFF0200 000040
[    0.000000] ACPI: FACS 0x000000007FFF0200 000040
[    0.000000] ACPI: APIC 0x000000007FFF0240 00005C (v02 VBOX   VBOXAPIC 00000001 ASL  00000061)
[    0.000000] ACPI: SSDT 0x000000007FFF02A0 0001CC (v01 VBOX   VBOXCPUT 00000002 INTL 20100528)
[    0.000000] No NUMA configuration found
[    0.000000] Faking a node at [mem 0x0000000000000000-0x000000007ffeffff]
[    0.000000] NODE_DATA(0) allocated [mem 0x7ffeb000-0x7ffeffff]
[    0.000000] kvm-clock: Using msrs 4b564d01 and 4b564d00
[    0.000000] kvm-clock: cpu 0, msr 0:7ffe3001, primary cpu clock
[    0.000000] kvm-clock: using sched offset of 3106567765 cycles
[    0.000000] clocksource: kvm-clock: mask: 0xffffffffffffffff max_cycles: 0x1cd42e4dffb, max_idle_ns: 881590591483 ns
[    0.000000] Zone ranges:
[    0.000000]   DMA      [mem 0x0000000000001000-0x0000000000ffffff]
[    0.000000]   DMA32    [mem 0x0000000001000000-0x000000007ffeffff]
[    0.000000]   Normal   empty
[    0.000000]   Device   empty
[    0.000000] Movable zone start for each node
[    0.000000] Early memory node ranges
[    0.000000]   node   0: [mem 0x0000000000001000-0x000000000009efff]
[    0.000000]   node   0: [mem 0x0000000000100000-0x000000007ffeffff]
[    0.000000] Initmem setup node 0 [mem 0x0000000000001000-0x000000007ffeffff]
[    0.000000] ACPI: PM-Timer IO Port: 0x4008
[    0.000000] IOAPIC[0]: apic_id 2, version 32, address 0xfec00000, GSI 0-23
[    0.000000] ACPI: INT_SRC_OVR (bus 0 bus_irq 0 global_irq 2 dfl dfl)
[    0.000000] ACPI: INT_SRC_OVR (bus 0 bus_irq 9 global_irq 9 high level)
[    0.000000] Using ACPI (MADT) for SMP configuration information
[    0.000000] smpboot: Allowing 2 CPUs, 0 hotplug CPUs
[    0.000000] PM: Registered nosave memory: [mem 0x00000000-0x00000fff]
[    0.000000] PM: Registered nosave memory: [mem 0x0009f000-0x0009ffff]
[    0.000000] PM: Registered nosave memory: [mem 0x000a0000-0x000effff]
[    0.000000] PM: Registered nosave memory: [mem 0x000f0000-0x000fffff]
[    0.000000] e820: [mem 0x80000000-0xfebfffff] available for PCI devices
[    0.000000] Booting paravirtualized kernel on KVM
[    0.000000] clocksource: refined-jiffies: mask: 0xffffffff max_cycles: 0xffffffff, max_idle_ns: 7645519600211568 ns
[    0.000000] setup_percpu: NR_CPUS:512 nr_cpumask_bits:512 nr_cpu_ids:2 nr_node_ids:1
[    0.000000] PERCPU: Embedded 34 pages/cpu @ffff88007fc00000 s98328 r8192 d32744 u1048576
[    0.000000] PV qspinlock hash table entries: 256 (order: 0, 4096 bytes)
[    0.000000] Built 1 zonelists in Node order, mobility grouping on.  Total pages: 515961
[    0.000000] Policy zone: DMA32
[    0.000000] Kernel command line: BOOT_IMAGE=/boot/vmlinuz-4.4.0-97-generic root=LABEL=cloudimg-rootfs ro console=tty1 console=ttyS0
[    0.000000] PID hash table entries: 4096 (order: 3, 32768 bytes)
[    0.000000] Memory: 2033900K/2096696K available (8480K kernel code, 1294K rwdata, 3984K rodata, 1492K init, 1316K bss, 62796K reserved, 0K cma-reserved)
[    0.000000] SLUB: HWalign=64, Order=0-3, MinObjects=0, CPUs=2, Nodes=1
[    0.000000] Hierarchical RCU implementation.
[    0.000000] 	Build-time adjustment of leaf fanout to 64.
[    0.000000] 	RCU restricting CPUs from NR_CPUS=512 to nr_cpu_ids=2.
[    0.000000] RCU: Adjusting geometry for rcu_fanout_leaf=64, nr_cpu_ids=2
[    0.000000] NR_IRQS:33024 nr_irqs:440 16
[    0.000000] Console: colour VGA+ 80x25
[    0.000000] console [tty1] enabled
[    0.000000] console [ttyS0] enabled
[    0.000000] tsc: Detected 2904.000 MHz processor
[    2.446720] Calibrating delay loop (skipped) preset value.. 5808.00 BogoMIPS (lpj=11616000)
[    2.558254] pid_max: default: 32768 minimum: 301
[    2.602676] ACPI: Core revision 20150930
[    2.643245] ACPI: 2 ACPI AML tables successfully acquired and loaded
[    2.644681] Security Framework initialized
[    2.683153] Yama: becoming mindful.
[    2.741893] AppArmor: AppArmor initialized
[    2.808648] Dentry cache hash table entries: 262144 (order: 9, 2097152 bytes)
[    2.889110] Inode-cache hash table entries: 131072 (order: 8, 1048576 bytes)
[    2.908024] Mount-cache hash table entries: 4096 (order: 3, 32768 bytes)
[    2.997143] Mountpoint-cache hash table entries: 4096 (order: 3, 32768 bytes)
[    3.080628] Initializing cgroup subsys io
[    3.137917] Initializing cgroup subsys memory
[    3.138858] Initializing cgroup subsys devices
[    3.139799] Initializing cgroup subsys freezer
[    3.140735] Initializing cgroup subsys net_cls
[    3.141684] Initializing cgroup subsys perf_event
[    3.142660] Initializing cgroup subsys net_prio
[    3.143610] Initializing cgroup subsys hugetlb
[    3.144544] Initializing cgroup subsys pids
[    3.145516] CPU: Physical Processor ID: 0
[    3.146417] CPU: Processor Core ID: 0
[    3.173545] mce: CPU supports 0 MCE banks
[    3.227704] Last level iTLB entries: 4KB 64, 2MB 8, 4MB 8
[    3.302477] Last level dTLB entries: 4KB 64, 2MB 0, 4MB 0, 1GB 4
[    3.377762] Freeing SMP alternatives memory: 32K
[    3.445031] ftrace: allocating 32148 entries in 126 pages
[    3.548250] smpboot: APIC(0) Converting physical 0 to logical package 0
[    3.642412] smpboot: Max logical packages: 1
[    3.687012] x2apic enabled
[    3.694680] Switched APIC routing to physical x2apic.
[    3.767972] ..TIMER: vector=0x30 apic1=0 pin1=2 apic2=-1 pin2=-1
[    3.942278] smpboot: CPU0: Intel(R) Core(TM) i5-6267U CPU @ 2.90GHz (family: 0x6, model: 0x4e, stepping: 0x3)
[    4.055864] Performance Events: unsupported p6 CPU model 78 no PMU driver, software events only.
[    4.165934] KVM setup paravirtual spinlock
[    4.224039] x86: Booting SMP configuration:
[    4.300300] .... node  #0, CPUs:      #1
[    4.352393] kvm-clock: cpu 1, msr 0:7ffe3041, secondary cpu clock
[    4.371703] mce: CPU supports 0 MCE banks
[    4.383087] x86: Booted up 1 node, 2 CPUs
[    4.433383] smpboot: Total of 2 processors activated (11616.00 BogoMIPS)
[    4.513665] devtmpfs: initialized
[    4.534538] evm: security.selinux
[    4.572272] evm: security.SMACK64
[    4.612991] evm: security.SMACK64EXEC
[    4.655917] evm: security.SMACK64TRANSMUTE
[    4.707166] evm: security.SMACK64MMAP
[    4.753991] evm: security.ima
[    4.806213] evm: security.capability
[    4.833701] clocksource: jiffies: mask: 0xffffffff max_cycles: 0xffffffff, max_idle_ns: 7645041785100000 ns
[    4.837576] futex hash table entries: 512 (order: 3, 32768 bytes)
[    4.839152] pinctrl core: initialized pinctrl subsystem
[    4.841937] RTC time:  7:49:44, date: 12/19/17
[    4.843304] NET: Registered protocol family 16
[    4.858114] cpuidle: using governor ladder
[    4.870165] cpuidle: using governor menu
[    4.872476] PCCT header not found.
[    4.876886] ACPI: bus type PCI registered
[    4.885004] acpiphp: ACPI Hot Plug PCI Controller Driver version: 0.5
[    4.887256] PCI: Using configuration type 1 for base access
[    4.903598] ACPI: Added _OSI(Module Device)
[    4.904888] ACPI: Added _OSI(Processor Device)
[    4.906711] ACPI: Added _OSI(3.0 _SCP Extensions)
[    4.908157] ACPI: Added _OSI(Processor Aggregator Device)
[    4.910276] ACPI: Executed 1 blocks of module-level executable AML code
[    4.922960] ACPI: Interpreter enabled
[    4.932288] ACPI: (supports S0 S5)
[    4.934774] ACPI: Using IOAPIC for interrupt routing
[    4.938045] PCI: Using host bridge windows from ACPI; if necessary, use "pci=nocrs" and report a bug
[    4.947560] ACPI: PCI Root Bridge [PCI0] (domain 0000 [bus 00-ff])
[    4.957828] acpi PNP0A03:00: _OSC: OS supports [ASPM ClockPM Segments MSI]
[    4.960641] acpi PNP0A03:00: _OSC failed (AE_NOT_FOUND); disabling ASPM
[    4.964233] acpi PNP0A03:00: fail to add MMCONFIG information, can't access extended PCI configuration space under this bridge.
[    4.978547] PCI host bridge to bus 0000:00
[    4.979773] pci_bus 0000:00: root bus resource [io  0x0000-0x0cf7 window]
[    4.981606] pci_bus 0000:00: root bus resource [io  0x0d00-0xffff window]
[    4.984573] pci_bus 0000:00: root bus resource [mem 0x000a0000-0x000bffff window]
[    4.989960] pci_bus 0000:00: root bus resource [mem 0x80000000-0xffdfffff window]
[    4.992539] pci_bus 0000:00: root bus resource [bus 00-ff]
[    5.000400] pci 0000:00:01.1: legacy IDE quirk: reg 0x10: [io  0x01f0-0x01f7]
[    5.013429] pci 0000:00:01.1: legacy IDE quirk: reg 0x14: [io  0x03f6]
[    5.027478] pci 0000:00:01.1: legacy IDE quirk: reg 0x18: [io  0x0170-0x0177]
[    5.040768] pci 0000:00:01.1: legacy IDE quirk: reg 0x1c: [io  0x0376]
[    5.112024] pci 0000:00:07.0: quirk: [io  0x4000-0x403f] claimed by PIIX4 ACPI
[    5.124329] pci 0000:00:07.0: quirk: [io  0x4100-0x410f] claimed by PIIX4 SMB
[    5.202454] ACPI: PCI Interrupt Link [LNKA] (IRQs 5 9 10 *11)
[    5.208587] ACPI: PCI Interrupt Link [LNKB] (IRQs 5 9 10 *11)
[    5.253068] ACPI: PCI Interrupt Link [LNKC] (IRQs 5 9 *10 11)
[    5.263250] ACPI: PCI Interrupt Link [LNKD] (IRQs 5 *9 10 11)
[    5.288322] ACPI: Enabled 2 GPEs in block 00 to 07
[    5.302973] vgaarb: setting as boot device: PCI:0000:00:02.0
[    5.309755] vgaarb: device added: PCI:0000:00:02.0,decodes=io+mem,owns=io+mem,locks=none
[    5.323703] vgaarb: loaded
[    5.325377] vgaarb: bridge control possible 0000:00:02.0
[    5.327031] SCSI subsystem initialized
[    5.336668] ACPI: bus type USB registered
[    5.338239] usbcore: registered new interface driver usbfs
[    5.362575] usbcore: registered new interface driver hub
[    5.369243] usbcore: registered new device driver usb
[    5.370810] PCI: Using ACPI for IRQ routing
[    5.372241] NetLabel: Initializing
[    5.373144] NetLabel:  domain hash size = 128
[    5.374135] NetLabel:  protocols = UNLABELED CIPSOv4
[    5.375882] NetLabel:  unlabeled traffic allowed by default
[    5.381262] amd_nb: Cannot enumerate AMD northbridges
[    5.390453] clocksource: Switched to clocksource kvm-clock
[    5.412958] AppArmor: AppArmor Filesystem Enabled
[    5.415466] pnp: PnP ACPI init
[    5.420345] pnp: PnP ACPI: found 3 devices
[    5.432193] clocksource: acpi_pm: mask: 0xffffff max_cycles: 0xffffff, max_idle_ns: 2085701024 ns
[    5.434609] NET: Registered protocol family 2
[    5.438057] TCP established hash table entries: 16384 (order: 5, 131072 bytes)
[    5.439775] TCP bind hash table entries: 16384 (order: 6, 262144 bytes)
[    5.441075] TCP: Hash tables configured (established 16384 bind 16384)
[    5.443886] UDP hash table entries: 1024 (order: 3, 32768 bytes)
[    5.459428] UDP-Lite hash table entries: 1024 (order: 3, 32768 bytes)
[    5.460831] NET: Registered protocol family 1
[    5.461835] pci 0000:00:00.0: Limiting direct PCI/PCI transfers
[    5.466029] pci 0000:00:01.0: Activating ISA DMA hang workarounds
[    5.468157] Unpacking initramfs...
[    7.330304] Freeing initrd memory: 10856K
[    7.388610] platform rtc_cmos: registered platform RTC device (no PNP device found)
[    7.525623] Scanning for low memory corruption every 60 seconds
[    7.638007] audit: initializing netlink subsys (disabled)
[    7.705443] audit: type=2000 audit(1513669787.964:1): initialized
[    7.784325] Initialise system trusted keyring
[    7.814073] HugeTLB registered 2 MB page size, pre-allocated 0 pages
[    7.853542] zbud: loaded
[    7.897786] VFS: Disk quotas dquot_6.6.0
[    7.973835] VFS: Dquot-cache hash table entries: 512 (order 0, 4096 bytes)
[    8.013002] squashfs: version 4.0 (2009/01/31) Phillip Lougher
[    8.014489] fuse init (API version 7.23)
[    8.117759] Key type big_key registered
[    8.157421] Allocating IMA MOK and blacklist keyrings.
[    8.278037] Key type asymmetric registered
[    8.323985] Asymmetric key parser 'x509' registered
[    8.378273] Block layer SCSI generic (bsg) driver version 0.4 loaded (major 249)
[    8.398195] tsc: Refined TSC clocksource calibration: 2904.043 MHz
[    8.472253] clocksource: tsc: mask: 0xffffffffffffffff max_cycles: 0x29dc2e1bb97, max_idle_ns: 440795237653 ns
[    8.534664] io scheduler noop registered
[    8.534666] io scheduler deadline registered (default)
[    8.534718] io scheduler cfq registered
[    8.534833] pci_hotplug: PCI Hot Plug PCI Core version: 0.5
[    8.534838] pciehp: PCI Express Hot Plug Controller Driver version: 0.4
[    8.535203] ACPI: AC Adapter [AC] (on-line)
[    8.535274] input: Power Button as /devices/LNXSYSTM:00/LNXPWRBN:00/input/input0
[    8.535277] ACPI: Power Button [PWRF]
[    8.535364] input: Sleep Button as /devices/LNXSYSTM:00/LNXSLPBN:00/input/input1
[    8.535366] ACPI: Sleep Button [SLPF]
[    8.535543] GHES: HEST is not enabled!
[    8.536620] ACPI: Battery Slot [BAT0] (battery present)
[    8.582915] Serial: 8250/16550 driver, 32 ports, IRQ sharing enabled
[    8.606489] 00:02: ttyS0 at I/O 0x3f8 (irq = 4, base_baud = 115200) is a 16550A
[    8.615572] Linux agpgart interface v0.103
[    8.619948] loop: module loaded
[    8.620393] scsi host0: ata_piix
[    8.620439] scsi host1: ata_piix
[    8.620463] ata1: PATA max UDMA/33 cmd 0x1f0 ctl 0x3f6 bmdma 0xd000 irq 14
[    8.620464] ata2: PATA max UDMA/33 cmd 0x170 ctl 0x376 bmdma 0xd008 irq 15
[    8.620528] libphy: Fixed MDIO Bus: probed
[    8.620530] tun: Universal TUN/TAP device driver, 1.6
[    8.620530] tun: (C) 1999-2004 Max Krasnyansky <maxk@qualcomm.com>
[    8.621123] PPP generic driver version 2.4.2
[    8.621259] ehci_hcd: USB 2.0 'Enhanced' Host Controller (EHCI) Driver
[    8.621265] ehci-pci: EHCI PCI platform driver
[    8.621322] ehci-platform: EHCI generic platform driver
[    8.621361] ohci_hcd: USB 1.1 'Open' Host Controller (OHCI) Driver
[    8.621366] ohci-pci: OHCI PCI platform driver
[    8.621377] ohci-platform: OHCI generic platform driver
[    8.621386] uhci_hcd: USB Universal Host Controller Interface driver
[    8.621491] i8042: PNP: PS/2 Controller [PNP0303:PS2K,PNP0f03:PS2M] at 0x60,0x64 irq 1,12
[    8.622797] serio: i8042 KBD port at 0x60,0x64 irq 1
[    8.622802] serio: i8042 AUX port at 0x60,0x64 irq 12
[    8.623115] mousedev: PS/2 mouse device common for all mice
[    8.623650] rtc_cmos rtc_cmos: rtc core: registered rtc_cmos as rtc0
[    8.623726] rtc_cmos rtc_cmos: alarms up to one day, 114 bytes nvram
[    8.623743] i2c /dev entries driver
[    8.623857] device-mapper: uevent: version 1.0.3
[    8.624077] device-mapper: ioctl: 4.34.0-ioctl (2015-10-28) initialised: dm-devel@redhat.com
[    8.624094] ledtrig-cpu: registered to indicate activity on CPUs
[    8.624616] NET: Registered protocol family 10
[    8.624913] NET: Registered protocol family 17
[    8.624953] Key type dns_resolver registered
[    8.628148] microcode: CPU0 sig=0x406e3, pf=0x2, revision=0x0
[    8.628203] microcode: CPU1 sig=0x406e3, pf=0x2, revision=0x0
[    8.628540] microcode: Microcode Update Driver: v2.01 <tigran@aivazian.fsnet.co.uk>, Peter Oruba
[    8.629119] registered taskstats version 1
[    8.629202] Loading compiled-in X.509 certificates
[    8.630022] Loaded X.509 cert 'Build time autogenerated kernel key: d1010f9627fd9242df4b03365d2931dfd1ad3d42'
[    8.630091] zswap: loaded using pool lzo/zbud
[    8.633658] Key type trusted registered
[    8.638969] Key type encrypted registered
[    8.639020] AppArmor: AppArmor sha1 policy hashing enabled
[    8.639024] ima: No TPM chip found, activating TPM-bypass!
[    8.639048] evm: HMAC attrs: 0x1
[    8.639710]   Magic number: 13:991:824
[    8.644137] rtc_cmos rtc_cmos: setting system clock to 2017-12-19 07:49:48 UTC (1513669788)
[    8.644303] BIOS EDD facility v0.16 2004-Jun-25, 0 devices found
[    8.644304] EDD information not available.
[    8.754208] input: AT Translated Set 2 keyboard as /devices/platform/i8042/serio0/input/input2
[   11.383073] Freeing unused kernel memory: 1492K
[   11.388383] Write protecting the kernel read-only data: 14336k
[   11.400929] Freeing unused kernel memory: 1748K
[   11.439682] Freeing unused kernel memory: 112K
Loading, please wait...
[   11.462812] random: systemd-udevd: uninitialized urandom read (16 bytes read, 5 bits of entropy available)
starting version[   11.463312] random: udevadm: uninitialized urandom read (16 bytes read, 5 bits of entropy available)
 229
[   11.463325] random: udevadm: uninitialized urandom read (16 bytes read, 5 bits of entropy available)
[   11.468723] random: udevadm: uninitialized urandom read (16 bytes read, 5 bits of entropy available)
[   11.468753] random: udevadm: uninitialized urandom read (16 bytes read, 5 bits of entropy available)
[   11.468844] random: udevadm: uninitialized urandom read (16 bytes read, 5 bits of entropy available)
[   11.468877] random: udevadm: uninitialized urandom read (16 bytes read, 5 bits of entropy available)
[   11.468912] random: udevadm: uninitialized urandom read (16 bytes read, 5 bits of entropy available)
[   11.468945] random: udevadm: uninitialized urandom read (16 bytes read, 5 bits of entropy available)
[   11.468974] random: udevadm: uninitialized urandom read (16 bytes read, 5 bits of entropy available)
[   12.572350] e1000: Intel(R) PRO/1000 Network Driver - version 7.3.21-k8-NAPI
[   12.616985] e1000: Copyright (c) 1999-2006 Intel Corporation.
[   12.629788] Fusion MPT base driver 3.04.20
[   12.652921] Copyright (c) 1999-2008 LSI Corporation
[   12.665680] Fusion MPT SPI Host driver 3.04.20
[   12.748575] AVX version of gcm_enc/dec engaged.
[   12.755165] AES CTR mode by8 optimization enabled
[   12.832722] input: ImExPS/2 Generic Explorer Mouse as /devices/platform/i8042/serio1/input/input4
[   13.136795] e1000 0000:00:03.0 eth0: (PCI:33MHz:32-bit) 02:30:15:13:4f:ec
[   13.140645] e1000 0000:00:03.0 eth0: Intel(R) PRO/1000 Network Connection
[   13.516109] e1000 0000:00:08.0 eth1: (PCI:33MHz:32-bit) 08:00:27:35:11:26
[   13.571832] e1000 0000:00:08.0 eth1: Intel(R) PRO/1000 Network Connection
[   13.943504] e1000 0000:00:09.0 eth2: (PCI:33MHz:32-bit) 08:00:27:1e:f9:4e
[   14.065574] e1000 0000:00:09.0 eth2: Intel(R) PRO/1000 Network Connection
[   14.083322] e1000 0000:00:08.0 enp0s8: renamed from eth1
[   14.087386] mptbase: ioc0: Initiating bringup
[   14.126907] e1000 0000:00:03.0 enp0s3: renamed from eth0
[   14.207520] e1000 0000:00:09.0 enp0s9: renamed from eth2
[   14.259011] ioc0: LSI53C1030 A0: Capabilities={Initiator}
[   14.449460] scsi host2: ioc0: LSI53C1030 A0, FwRev=00000000h, Ports=1, MaxQ=256, IRQ=20
[   14.567528] scsi 2:0:0:0: Direct-Access     VBOX     HARDDISK         1.0  PQ: 0 ANSI: 5
[   14.675919] scsi target2:0:0: Beginning Domain Validation
[   14.818659] scsi target2:0:0: Domain Validation skipping write tests
[   14.969532] scsi target2:0:0: Ending Domain Validation
[   15.070831] scsi target2:0:0: asynchronous
[   15.180112] scsi 2:0:1:0: Direct-Access     VBOX     HARDDISK         1.0  PQ: 0 ANSI: 5
[   15.339183] scsi target2:0:1: Beginning Domain Validation
[   15.466535] scsi target2:0:1: Domain Validation skipping write tests
[   15.586863] floppy0: no floppy controllers found
[   15.587374] work still pending
[   15.599954] scsi target2:0:1: Ending Domain Validation
[   15.650105] scsi target2:0:1: asynchronous
[   15.765397] sd 2:0:0:0: Attached scsi generic sg0 type 0
[   15.767978] sd 2:0:0:0: [sda] 20971520 512-byte logical blocks: (10.7 GB/10.0 GiB)
[   15.770279] sd 2:0:0:0: [sda] Write Protect is off
[   15.774612] sd 2:0:1:0: [sdb] 20480 512-byte logical blocks: (10.5 MB/10.0 MiB)
[   15.777509] sd 2:0:1:0: Attached scsi generic sg1 type 0
[   15.777536] sd 2:0:0:0: [sda] Incomplete mode parameter data
[   15.777537] sd 2:0:0:0: [sda] Assuming drive cache: write through
[   15.778380]  sda: sda1
[   15.778863] sd 2:0:0:0: [sda] Attached SCSI disk
[   15.839808] sd 2:0:1:0: [sdb] Write Protect is off
[   15.839978] sd 2:0:1:0: [sdb] Incomplete mode parameter data
[   15.839979] sd 2:0:1:0: [sdb] Assuming drive cache: write through
[   15.841550] sd 2:0:1:0: [sdb] Attached SCSI disk
Begin: Loading e[   17.929420] md: linear personality registered for level -1
ssential drivers[   17.994989] md: multipath personality registered for level -4
 ... [   18.015389] md: raid0 personality registered for level 0
[   18.072318] md: raid1 personality registered for level 1
[   18.210564] raid6: sse2x1   gen()  8724 MB/s
[   18.326690] raid6: sse2x1   xor()  5124 MB/s
[   18.442498] raid6: sse2x2   gen() 10500 MB/s
[   18.538572] raid6: sse2x2   xor()  6924 MB/s
[   18.658673] raid6: sse2x4   gen() 11483 MB/s
[   18.782474] raid6: sse2x4   xor()  7466 MB/s
[   18.827921] raid6: using algorithm sse2x4 gen() 11483 MB/s
[   18.897193] raid6: .... xor() 7466 MB/s, rmw enabled
[   18.907052] raid6: using ssse3x2 recovery algorithm
[   18.966038] xor: automatically using best checksumming function:
[   19.097032]    avx       : 30552.000 MB/sec
[   19.183883] async_tx: api initialized (async)
[   19.205157] md: raid6 personality registered for level 6
[   19.258146] md: raid5 personality registered for level 5
[   19.373369] md: raid4 personality registered for level 4
[   19.386451] md: raid10 personality registered for level 10
done.
Begin: Running[   19.482421] Btrfs loaded
 /scripts/init-premount ... done.
Begin: Mounting root file system ... Begin: Running /scripts/local-top ... done.
Begin: Running /scripts/loc[   19.537726] EXT4-fs (sda1): mounted filesystem with ordered data mode. Opts: (null)
al-premount ... Scanning for Btrfs filesystems
done.
Warning: fsck not present, so skipping root file system
done.
Begin: Running /scripts/local-bottom ... done.
Begin: Running /scripts/init-bottom ... done.
[   19.675797] systemd[1]: systemd 229 running in system mode. (+PAM +AUDIT +SELINUX +IMA +APPARMOR +SMACK +SYSVINIT +UTMP +LIBCRYPTSETUP +GCRYPT +GNUTLS +ACL +XZ -LZ4 +SECCOMP +BLKID +ELFUTILS +KMOD -IDN)
[   19.955765] systemd[1]: Detected virtualization oracle.
[   19.981817] systemd[1]: Detected architecture x86-64.

Welcome to [1mUbuntu 16.04.3 LTS[0m!

[   20.011295] systemd[1]: Set hostname to <ubuntu>.
[   20.019151] systemd[1]: Initializing machine ID from random generator.
[   20.062444] systemd[1]: Installed transient /etc/machine-id file.
[   20.218281] systemd[1]: Listening on LVM2 poll daemon socket.
[[0;32m  OK  [0m] Listening on LVM2 poll daemon socket.
[   20.371182] systemd[1]: Listening on LVM2 metadata daemon socket.
[[0;32m  OK  [0m] Listening on LVM2 metadata daemon socket.
[   20.515270] systemd[1]: Listening on Journal Audit Socket.
[[0;32m  OK  [0m] Listening on Journal Audit Socket.
[   20.674942] systemd[1]: Listening on Syslog Socket.
[[0;32m  OK  [0m] Listening on Syslog Socket.
[   20.831114] systemd[1]: Listening on /dev/initctl Compatibility Named Pipe.
[[0;32m  OK  [0m] Listening on /dev/initctl Compatibility Named Pipe.
[   20.915212] systemd[1]: Set up automount Arbitrary Executable File Formats File System Automount Point.
[[0;32m  OK  [0m] Set up automount Arbitrary Executab...ats File System Automount Point.
[   21.058974] systemd[1]: Reached target Swap.
[[0;32m  OK  [0m] Reached target Swap.
[   21.110753] systemd[1]: Reached target User and Group Name Lookups.
[[0;32m  OK  [0m] Reached target User and Group Name Lookups.
[   21.137318] systemd[1]: Created slice System Slice.
[[0;32m  OK  [0m] Created slice System Slice.
[   21.159721] systemd[1]: Created slice system-serial\x2dgetty.slice.
[[0;32m  OK  [0m] Created slice system-serial\x2dgetty.slice.
[   21.243825] systemd[1]: Listening on udev Control Socket.
[[0;32m  OK  [0m] Listening on udev Control Socket.
[   21.272813] systemd[1]: Listening on Journal Socket (/dev/log).
[[0;32m  OK  [0m] Listening on Journal Socket (/dev/log).
[   21.291962] random: nonblocking pool is initialized
[   21.399387] systemd[1]: Started Trigger resolvconf update for networkd DNS.
[[0;32m  OK  [0m] Started Trigger resolvconf update for networkd DNS.
[   21.541427] systemd[1]: Created slice User and Session Slice.
[[0;32m  OK  [0m] Created slice User and Session Slice.
[   21.571228] systemd[1]: Reached target Slices.
[[0;32m  OK  [0m] Reached target Slices.
[   21.702754] systemd[1]: Reached target Encrypted Volumes.
[[0;32m  OK  [0m] Reached target Encrypted Volumes.
[   21.743553] systemd[1]: Started Forward Password Requests to Wall Directory Watch.
[[0;32m  OK  [0m] Started Forward Password Requests to Wall Directory Watch.
[   21.987687] systemd[1]: Listening on Journal Socket.
[[0;32m  OK  [0m] Listening on Journal Socket.
[   22.171251] systemd[1]: Starting Journal Service...
         Starting Journal Service...
[   22.226365] systemd[1]: Mounting Debug File System...
         Mounting Debug File System...
[   22.274606] systemd[1]: Mounting Huge Pages File System...
         Mounting Huge Pages File System...
[   22.415198] systemd[1]: Starting Set console keymap...
         Starting Set console keymap...
[   22.471135] systemd[1]: Starting Load Kernel Modules...
[   22.483473] Loading iSCSI transport class v2.0-870.
         Starting Load Kernel Mo[   22.499269] iscsi: registered transport (tcp)
dules...
[   22.575734] iscsi: registered transport (iser)
[   22.631017] systemd[1]: Starting Nameserver information manager...
         Starting Nameserver information manager...
[   22.781694] systemd[1]: Starting Remount Root and Kernel File Systems...
[   22.784585] EXT4-fs (sda1): re-mounted. Opts: (null)
         Starting Remount Root and Kernel File Systems...
[   22.947098] systemd[1]: Listening on udev Kernel Socket.
[[0;32m  OK  [0m] Listening on udev Kernel Socket.
[   23.138318] systemd[1]: Listening on Device-mapper event daemon FIFOs.
[[0;32m  OK  [0m] Listening on Device-mapper event daemon FIFOs.
[   23.187145] systemd[1]: Starting Monitoring of LVM2 mirrors, snapshots etc. using dmeventd or progress polling...
         Starting Monitoring of LVM2 mirrors... dmeventd or progress polling...
[   23.386674] systemd[1]: Starting Uncomplicated firewall...
         Starting Uncomplicated firewall...
[   23.487457] systemd[1]: Starting Create list of required static device nodes for the current kernel...
         Starting Create list of required st... nodes for the current kernel...
[   23.666738] systemd[1]: Mounting POSIX Message Queue File System...
         Mounting POSIX Message Queue File System...
[   23.766173] systemd[1]: Mounted POSIX Message Queue File System.
[[0;32m  OK  [0m] Mounted POSIX Message Queue File System.
[   23.839377] systemd[1]: Mounted Debug File System.
[[0;32m  OK  [0m] Mounted Debug File System.
[   24.011292] systemd[1]: Mounted Huge Pages File System.
[[0;32m  OK  [0m] Mounted Huge Pages File System.
[   24.191623] systemd[1]: Started Journal Service.
[[0;32m  OK  [0m] Started Journal Service.
[[0;32m  OK  [0m] Started Set console keymap.
[[0;32m  OK  [0m] Started Load Kernel Modules.
[[0;32m  OK  [0m] Started Remount Root and Kernel File Systems.
[[0;32m  OK  [0m] Started Uncomplicated firewall.
[[0;32m  OK  [0m] Started Create list of required sta...ce nodes for the current kernel.
[[0;32m  OK  [0m] Started Nameserver information manager.
[[0;32m  OK  [0m] Started LVM2 metadata daemon.
         Starting Create Static Device Nodes in /dev...
         Starting udev Coldplug all Devices...
         Starting Load/Save Random Seed...
         Starting Initial cloud-init job (pre-networking)...
         Starting Apply Kernel Variables...
         Mounting FUSE Control File System...
         Starting Flush Journal to Persistent Storage...
[[0;32m  OK  [0m] Mounted FUSE Control File System.
[[0;32m  OK  [0m] Started Monitoring of LVM2 mirrors,...ng dmeventd or progress polling.
[[0;32m  OK  [0m] Started Create Static Device Nodes in /dev.
[[0;32m  OK  [0m] Started Load/Save Random Seed.
[[0;32m  OK  [0m] Started Apply Kernel Variables.
[[0;32m  OK  [0m] Started udev Coldplug all Devices.
[[0;32m  OK  [0m] Started Flush Journal to Persistent Storage.
         Starting udev Kernel Device Manager...
[[0;32m  OK  [0m] Started udev Kernel Device Manager.
[[0;32m  OK  [0m] Reached target Local File Systems (Pre).
[[0;32m  OK  [0m] Reached target Local File Systems.
         Starting Tell Plymouth To Write Out Runtime Data...
         Starting LSB: AppArmor initialization...
         Starting Commit a transient machine-id on disk...
         Starting Create Volatile Files and Directories...
         Starting Set console font and keymap...
[[0;32m  OK  [0m] Started Dispatch Password Requests to Console Directory Watch.
[[0;32m  OK  [0m] Started Tell Plymouth To Write Out Runtime Data.
[[0;32m  OK  [0m] Started Commit a transient machine-id on disk.
[[0;32m  OK  [0m] Started Create Volatile Files and Directories.
[[0;32m  OK  [0m] Found device /dev/ttyS0.
         Starting Update UTMP about System Boot/Shutdown...
[[0;32m  OK  [0m] Reached target System Time Synchronized.
[   20.957434] cloud-init[447]: Cloud-init v. 0.7.9 running 'init-local' at Tue, 19 Dec 2017 07:50:05 +0000. Up 20.47 seconds.
[[0;32m  OK  [0m] Listening on Load/Save RF Kill Switch Status /dev/rfkill Watch.
[[0;32m  OK  [0m] Started Update UTMP about System Boot/Shutdown.
[[0;32m  OK  [0m] Started LSB: AppArmor initialization.
[[0;32m  OK  [0m] Started Initial cloud-init job (pre-networking).
[[0;32m  OK  [0m] Reached target Network (Pre).
         Starting Raise network interfaces...
[[0;32m  OK  [0m] Started Set console font and keymap.
[[0;32m  OK  [0m] Created slice system-getty.slice.
[[0;32m  OK  [0m] Started Raise network interfaces.
[[0;32m  OK  [0m] Reached target Network.
         Starting Initial cloud-init job (metadata service crawler)...
[   24.604028] cloud-init[956]: Cloud-init v. 0.7.9 running 'init' at Tue, 19 Dec 2017 07:50:08 +0000. Up 24.04 seconds.
[   24.708804] [cloud-init[0;32m  OK  [0m[956]: ] ci-info: ++++++++++++++++++++++++++++++++++++++Net device info++++++++++++++++++++++++++++++++++++++Started Initial cloud-init job (metadata service crawler).

[   24.709578] cloud-init[956]: ci-info: +--------+-------+----------------------------+---------------+-------+-------------------+
[   24.932145] [cloud-init[0;32m  OK  [0m[956]: ] ci-info: | Device |   Up  |          Address           |      Mask     | Scope |     Hw-Address    |Reached target Cloud-config availability.

[[0;32m  OK  [0m] Reached target Network is Online.
[   24.932788] cloud-init[956]: ci-info: +--------+-------+----------------------------+---------------+-------+-------------------+
[   25.308156]          cloud-initStarting iSCSI initiator daemon (iscsid)...[956]: 
ci-info: | enp0s8 | False |             .              |       .       |   .   | 08:00:27:35:11:26 |
[   25.432553] [cloud-init[0;32m  OK  [0m[956]: ] ci-info: |   lo   |  True |         127.0.0.1          |   255.0.0.0   |   .   |         .         |Reached target System Initialization.

[[0;32m  OK  [0m] Listening on D-Bus System Message Bus Socket.
[   25.433114] cloud-init[956]: ci-info: |   lo   |  True |          ::1/128           |       .       |  host |         .         |[[0;32m  OK  [0m] Listening on UUID daemon activation socket.

[   25.640963] [cloud-init[0;32m  OK  [0m[956]: ] Listening on ACPID Listen Socket.
ci-info: | enp0s9 | False |             .              |       .       |   .   | 08:00:27:1e:f9:4e |
[   25.656660] [cloud-init[0;32m  OK  [0m[956]: ] ci-info: | enp0s3 |  True |         10.0.2.15          | 255.255.255.0 |   .   | 02:30:15:13:4f:ec |Started ACPI Events Check.

[[0;32m  OK  [0m] Reached target Paths.
[[0;32m  OK  [0m] Started Daily Cleanup of Temporary Directories.
[   25.657182] cloud-init[956]: ci-info: | enp0s3 |  True | fe80::30:15ff:fe13:4fec/64 |       .       |  link | 02:30:15:13:4f:ec |
[   25.944835]          cloud-initStarting LXD - unix socket.[956]: 
ci-info: +--------+-------+----------------------------+---------------+-------+-------------------+
[   26.076906]          cloud-initStarting Socket activation for snappy daemon.[956]: 
ci-info: +++++++++++++++++++++++++++Route IPv4 info++++++++++++++++++++++++++++
[   26.156706] [cloud-init[0;32m  OK  [0m[956]: ] ci-info: +-------+-------------+----------+---------------+-----------+-------+Started Daily apt download activities.

[   26.269161] [cloud-init[0;32m  OK  [0m[956]: ] ci-info: | Route | Destination | Gateway  |    Genmask    | Interface | Flags |Started Timer to automatically fetch and run repair assertions.

[[0;32m  OK  [0m] Started Timer to automatically refresh installed snaps.
[[0;32m  OK  [0m] Started Daily apt upgrade and clean activities.
[   26.270138] cloud-init[956]: ci-info: +-------+-------------+----------+---------------+-----------+-------+
[   26.476575] [cloud-init[0;32m  OK  [0m[956]: ] ci-info: |   0   |   0.0.0.0   | 10.0.2.2 |    0.0.0.0    |   enp0s3  |   UG  |Reached target Timers.

[   26.477725] cloud-init[956]: ci-info: |   1   |   10.0.2.0  | 0.0.0.0  | 255.255.255.0 |   enp0s3  |   U   |
[[0;32m  OK  [0m] Listening on LXD - unix socket.
[   26.616132] cloud-init[956]: ci-info: +-------+-------------+----------+---------------+-----------+-------+
[   26.689436] [cloud-init[0;32m  OK  [0m[956]: ] Generating public/private rsa key pair.Listening on Socket activation for snappy daemon.

[[0;32m  OK  [0m] Started iSCSI initiator daemon (iscsid).
[   26.690026] cloud-init[956]: Your identification has been saved in /etc/ssh/ssh_host_rsa_key.
[   26.792768] cloud-init[956]: Your public key has been saved in /etc/ssh/ssh_host_rsa_key.pub.
         Starting Login to default iSCSI targets...
[[0;32m  OK  [0m] Reached target Sockets.
[[0;32m  OK  [0m] Reached target Basic System.
[   26.843319] cloud-init[956]: The key fingerprint is:
[   26.992739] cloud-init[956]: SHA256:1RyX0qwppkaUOQfWJNTOdN2MJX2yjgGFI+TLknL6PPw root@ubuntu-xenial
[   27.080783] cloud-init[956]: The key's randomart image is:
[[0;32m  OK  [0m] Started D-Bus System Message Bus.
[   27.116004] cloud-init[956]: +---[RSA 2048]----+
[   27.221043]          cloud-initStarting /etc/rc.local Compatibility...[956]: 
|       o*B.oo+oB.|
[   27.276793]          cloud-initStarting LSB: MD monitoring daemon...[956]: 
|       o*.OoooB.=|
[   27.326101]          cloud-initStarting LSB: Record successful boot for GRUB...[956]: 
|       ..B.+o+ o.|
[   27.391183]          cloud-initStarting Login Service...[956]: 
|       o.o= + .  |
[   27.460365] [cloud-init[0;32m  OK  [0m[956]: ] |    . +.So . +   |Started ACPI event daemon.

[[0;32m  OK  [0m] Started Unattended Upgrades Shutdown.
[   27.460946] cloud-init[956]: |     + .o   . .  |
         Starting Pollinate to seed the pseudo random number generator...
[   27.503647] cloud-init[956]: |    .. .         |
[   27.600864]          cloud-initStarting System Logging Service...[956]: 
|     oo          |
[   27.601676] cloud-init[956]: |      ooE        |
         Starting Snappy daemon...
[   27.668499] cloud-init[956]: +----[SHA256]-----+
[   27.744589] [cloud-init[0;32m  OK  [0m[956]: ] Generating public/private dsa key pair.Started FUSE filesystem for LXC.

[   27.745111] cloud-init[956]: Your identification has been saved in /etc/ssh/ssh_host_dsa_key.
[[0;32m  OK  [0m] Started Regular background program processing daemon.
[   27.874993] cloud-init[956]: Your public key has been saved in /etc/ssh/ssh_host_dsa_key.pub.
[   28.004568]          cloud-initStarting Apply the settings specified in cloud-config...[956]: 
The key fingerprint is:
         Starting Accounts Service...
[   28.077393] cloud-init[956]: SHA256:Qa14J3RcXeIfER5CQ/Q2cv18SwLJ7/seoBqwSOv+ulk root@ubuntu-xenial
[   28.161729] cloud-init[956]: The key's randomart image is:
[   28.162638] cloud-init[956]: +---[DSA 1024]----+
[   28.162714] cloud-init[956]: |        .o .=B.=o|
[[0;32m  OK  [0m] Started Deferred execution scheduler.
[   28.162827] cloud-init[956]: |       .. = ..*.+|
[   28.345893]          cloud-initStarting LXD - container startup/shutdown...[956]: 
|       o.o + ..B.|
[   28.408454] cloud-init[956]: |      . +.. o +o+|
[[0;32m  OK  [0m] Started System Logging Service.
[[0;32m  OK  [0m] Started Snappy daemon.
[[0;32m  OK  [0m] Started /etc/rc.local Compatibility.
[[0;32m  OK  [0m] Started Pollinate to seed the pseudo random number generator.
[[0;32m  OK  [0m] Started LXD - container startup/shutdown.
[   28.451419] cloud-init[956]: |     . oSo   + .=|
[   28.686675] cloud-init[956]: |    . o o   o + o|
[   28.712536] [cloud-init[0;32m  OK  [0m[956]: ] |     o E . . . o |Started Login to default iSCSI targets.

[   28.713232] cloud-init[956]: |    . o   o   . .|
[   28.793486] [cloud-init[0;32m  OK  [0m[956]: ] |    .*+. .   .oo |Started LSB: MD monitoring daemon.

[   28.794186] cloud-init[956]: +----[SHA256]-----+
[   28.896541] cloud-init[956]: Generating public/private ecdsa key pair.
[[0;32m  OK  [0m] Started LSB: Record successful boot for GRUB.
[   28.897144] cloud-init[956]: Your identification has been saved in /etc/ssh/ssh_host_ecdsa_key.
[[0;32m  OK  [0m] Started Login Service.
[   29.104888] cloud-init[956]: Your public key has been saved in /etc/ssh/ssh_host_ecdsa_key.pub.
[   29.188368]          cloud-initStarting Authenticate and Authorize Users to Run Privileged Tasks...[956]: 
The key fingerprint is:
[   29.284650] [cloud-init[0;32m  OK  [0m[956]: ] SHA256:Nr+ZQ0EY2LbmYycilqxpcfuAvwzG8JMwzJwOxJFLwTY root@ubuntu-xenialReached target Remote File Systems (Pre).

[[0;32m  OK  [0m] Reached target Remote File Systems.
[   29.285125] cloud-init[956]: The key's randomart image is:
[   29.464597]          cloud-initStarting LSB: automatic crash report generation...[956]: 
+---[ECDSA 256]---+
         Starting LSB: daemon to balance interrupts for SMP systems...
[   29.504618] cloud-init[956]: |.oo    o.o       |
[   29.652910]          cloud-initStarting LSB: Set the CPU Frequency Scaling governor to "ondemand"...[956]: 
|.E.   . + .      |
[   29.756651]          cloud-initStarting Permit User Sessions...[956]: 
|ooo    . o       |
[   29.826591]          cloud-initStarting LSB: VirtualBox Linux Additions...[956]: 
|=..     o .      |
[   29.924948]          cloud-initStarting OpenBSD Secure Shell server...[956]: 
|== . . oS  .     |
[   29.943174]          cloud-initStarting Auto import assertions from block devices...[956]: 
|o*.o* ..=oo      |
[   30.036977] [cloud-init[0;32m  OK  [0m[956]: ] | .O*.o o =.      |Started OpenBSD Secure Shell server.

[   30.037519] cloud-init[956]: | .+=..    .+     |
[   30.092586] [cloud-init[0;32m  OK  [0m[956]: ] | .  +o.   +.     |Started Permit User Sessions.

[   30.093214] cloud-init[956]: +----[SHA256]-----+
[   30.160845] [cloud-init[0;32m  OK  [0m[956]: ] Generating public/private ed25519 key pair.Started Auto import assertions from block devices.

[   30.161322] cloud-init[956]: Your identification has been saved in /etc/ssh/ssh_host_ed25519_key.
[   30.348853] [cloud-init[0;32m  OK  [0m[956]: ] Your public key has been saved in /etc/ssh/ssh_host_ed25519_key.pub.Started Authenticate and Authorize Users to Run Privileged Tasks.

[   30.541301] [cloud-init[0;32m  OK  [0m[956]: ] The key fingerprint is:Started Accounts Service.

[   30.542076] cloud-init[956]: SHA256:dEmljcPq6Fx2uEPvqTUwXPtkwTuMlXV7hrKTpXovSGo root@ubuntu-xenial
[   30.644650] cloud-init[956]: The key's randomart image is:
[   30.693327] cloud-init[956]: +--[ED25519 256]--+
[   30.694151] cloud-init[956]: |          ... . .|
[   30.694551] cloud-init[956]: |         o * o o.|
[   30.694657] cloud-init[956]: |        . O B o.o|
[   30.694724] cloud-init[956]: [|       o + * O ..|[0;32m  OK  [0m
] Started LSB: Set the CPU Frequency Scaling governor to "ondemand".
[   30.694796] cloud-init[956]: |        S o @    |
[   30.912605] cloud-init[956]: |       o.+.= o   |
[   30.913016] cloud-init[956]: |      ..=+=.o    |
[[0;32m  OK  [0m] Started LSB: automatic crash report generation.
[[   30.913292] cloud-init[956]: |     o oE+o+..   |
[0;32m  OK  [0m] Started LSB: daemon to balance interrupts for SMP systems.
[   31.082232] cloud-init[956]: |      o.o+o  ..  |
[   31.194109] cloud-init[956]: +----[SHA256]-----+
         Stopping OpenBSD Secure Shell server...
[   31.227342] cloud-init[1147]: Generating locales (this might take a while)...
[   31.292873] cloud-init[1147]:   en_US.UTF-8... done
[   31.293591] cloud-init[1147]: Generation complete.
         Starting Terminate Plymouth Boot Screen...
         Starting Hold until boot process finishes up...
[[0;32m  OK  [0m] Started LSB: VirtualBox Linux Additions.
[[0;32m  OK  [0m] Stopped OpenBSD Secure Shell server.
[[0;32m  OK  [0m] Started Terminate Plymouth Boot Screen.
[[0;32m  OK  [0m] Started Hold until boot process finishes up.
         Starting Set console scheme...
[[0;32m  OK  [0m] Started Getty on tty1.
[[0;32m  OK  [0m] Started Serial Getty on ttyS0.
[[0;32m  OK  [0m] Reached target Login Prompts.
         Starting OpenBSD Secure Shell server...
[[0;32m  OK  [0m] Started OpenBSD Secure Shell server.
[[0;32m  OK  [0m] Started Set console scheme.
[[0;32m  OK  [0m] Reached target Multi-User System.
[[0;32m  OK  [0m] Reached target Graphical Interface.
         Starting Update UTMP about System Runlevel Changes...
[[0;32m  OK  [0m] Started Update UTMP about System Runlevel Changes.
[[0;32m  OK  [0m] Created slice User Slice of ubuntu.
         Starting User Manager for UID 1000...
[[0;32m  OK  [0m] Started User Manager for UID 1000.
[   32.071661] cloud-init[1147]: Cloud-init v. 0.7.9 running 'modules:config' at Tue, 19 Dec 2017 07:50:12 +0000. Up 28.27 seconds.
[[0;32m  OK  [0m] Started Session 1 of user ubuntu.
[[0;32m  OK  [0m] Started Apply the settings specified in cloud-config.
         Starting Execute cloud user/final scripts...
ci-info: no authorized ssh keys fingerprints found for user ubuntu.
<14>Dec 19 07:50:17 ec2: 
<14>Dec 19 07:50:17 ec2: #############################################################
<14>Dec 19 07:50:17 ec2: -----BEGIN SSH HOST KEY FINGERPRINTS-----
<14>Dec 19 07:50:17 ec2: 1024 SHA256:Qa14J3RcXeIfER5CQ/Q2cv18SwLJ7/seoBqwSOv+ulk root@ubuntu-xenial (DSA)
<14>Dec 19 07:50:17 ec2: 256 SHA256:Nr+ZQ0EY2LbmYycilqxpcfuAvwzG8JMwzJwOxJFLwTY root@ubuntu-xenial (ECDSA)
<14>Dec 19 07:50:17 ec2: 256 SHA256:dEmljcPq6Fx2uEPvqTUwXPtkwTuMlXV7hrKTpXovSGo root@ubuntu-xenial (ED25519)
<14>Dec 19 07:50:17 ec2: 2048 SHA256:1RyX0qwppkaUOQfWJNTOdN2MJX2yjgGFI+TLknL6PPw root@ubuntu-xenial (RSA)
<14>Dec 19 07:50:17 ec2: -----END SSH HOST KEY FINGERPRINTS-----
<14>Dec 19 07:50:17 ec2: #############################################################
-----BEGIN SSH HOST KEY KEYS-----
ecdsa-sha2-nistp256 AAAAE2VjZHNhLXNoYTItbmlzdHAyNTYAAAAIbmlzdHAyNTYAAABBBBB69lgByYTpU5qIyjkqshmHFUbx6CcXKba9fXxDtB+3icAA54d/+bzorXjgA93Q3PFWQVQzjjbal6myz/NEJZM= root@ubuntu-xenial
ssh-ed25519 AAAAC3NzaC1lZDI1NTE5AAAAIE0HV2Hd3XvPQKzd1ctz840aTRSRrDtkaqF4RTCmGKTJ root@ubuntu-xenial
ssh-rsa AAAAB3NzaC1yc2EAAAADAQABAAABAQDiND6Gd9g2NCen1XCo6X6QMD+2nHXpG6Ta+1q11K/OJDREmUQbVZzIaT8HnMsQx5drhbbwfOgkG79He5+3Implb3iXURFrj+WJW5tf+YsUvLFbg3os6DL7PaiOz6U9Ojqo+vKFAmBnIWWi+sp8qFUGzN8z4mkcy+j5F53tS3gIE2x8HngwaVpLFnpyU4BeQ5F+/Ebrpo5OWJnWusM/Qeqpkq732pPqUULUEqrlntUy8nTNowKzoPusv8gEUvq9SxgdvIQORoYv1Evv7gokiVFu8iyFhp3to+vE1EMtdSVEclHGcC8fjF78doCbUAq0HNoyECn6nUsp9EBIISq36Jjf root@ubuntu-xenial
-----END SSH HOST KEY KEYS-----
[   33.481929] cloud-init[1340]: Cloud-init v. 0.7.9 running 'modules:final' at Tue, 19 Dec 2017 07:50:17 +0000. Up 32.95 seconds.
[   33.489493] cloud-init[1340]: ci-info: no authorized ssh keys fingerprints found for user ubuntu.
[   33.507570] cloud-init[1340]: Cloud-init v. 0.7.9 finished at Tue, 19 Dec 2017 07:50:18 +0000. Datasource DataSourceNoCloud [seed=/dev/sdb][dsmode=net].  Up 33.47 seconds
[[0;32m  OK  [0m] Started Execute cloud user/final scripts.
[[0;32m  OK  [0m] Reached target Cloud-init target.

Ubuntu 16.04.3 LTS webdev ttyS0

webdev login:          Stopping User Manager for UI0         Stopping LSB: VirtualBox Linux Additions...
         Stopping LSB: start Samba SMB/CIFS daemon (smbd)...
         Stopping Snappy daemon...
         Stopping LXD - container startup/shutdown...
         Stopping Unattended Upgrades Shutdown...
[[0;32m  OK  [0m] Stopped Apply the settings specified in cloud-config.
[[0;32m  OK  [0m] Stopped target Cloud-config availability.
         Stopping LSB: Record successful boot for GRUB...
         Stopping LSB: daemon to balance interrupts for SMP systems...
[[0;32m  OK  [0m] Unmounted /var/lib/lxcfs.
[[0;32m  OK  [0m] Stopped ACPI event daemon.
[[0;32m  OK  [0m] Stopped System Logging Service.
[[0;32m  OK  [0m] Stopped Snappy daemon.
[[0;32m  OK  [0m] Stopped Regular background program processing daemon.
[[0;32m  OK  [0m] Stopped Accounts Service.
[[0;32m  OK  [0m] Stopped Deferred execution scheduler.
[[0;32m  OK  [0m] Stopped Authenticate and Authorize Users to Run Privileged Tasks.
[[0;32m  OK  [0m] Stopped Getty on tty1.
[[0;32m  OK  [0m] Stopped Serial Getty on ttyS0.
[[0;32m  OK  [0m] Stopped OpenBSD Secure Shell server.
[[0;32m  OK  [0m] Stopped User Manager for UID 1000.
[[0;32m  OK  [0m] Stopped Run anacron jobs.
[[0;32m  OK  [0m] Stopped D-Bus System Message Bus.
[[0;32m  OK  [0m] Stopped Session 2 of user ubuntu.
[[0;32m  OK  [0m] Stopped Unattended Upgrades Shutdown.
[[0;32m  OK  [0m] Stopped FUSE filesystem for LXC.
[[0;32m  OK  [0m] Stopped LSB: Set the CPU Frequency Scaling governor to "ondemand".
[[0;32m  OK  [0m] Stopped LSB: MD monitoring daemon.
[[0;32m  OK  [0m] Stopped LSB: automatic crash report generation.
[[0;32m  OK  [0m] Stopped LSB: VirtualBox Linux Additions.
[[0;32m  OK  [0m] Stopped LXD - container startup/shutdown.
[[0;32m  OK  [0m] Stopped MySQL Community Server.
[[0;32m  OK  [0m] Stopped LSB: Record successful boot for GRUB.
[[0;32m  OK  [0m] Stopped LSB: daemon to balance interrupts for SMP systems.
[[0;32m  OK  [0m] Stopped target System Time Synchronized.
[[0;32m  OK  [0m] Removed slice User Slice of ubuntu.
         Stopping Login Service...
[[0;32m  OK  [0m] Removed slice system-serial\x2dgetty.slice.
[[0;32m  OK  [0m] Removed slice system-getty.slice.
[[0;32m  OK  [0m] Stopped /etc/rc.local Compatibility.
         Stopping Permit User Sessions...
[[0;32m  OK  [0m] Stopped Login Service.
[[0;32m  OK  [0m] Stopped Permit User Sessions.
[[0;32m  OK  [0m] Stopped target User and Group Name Lookups.
[[0;32m  OK  [0m] Stopped LSB: start Samba daemons for the AD DC.
[[0;32m  OK  [0m] Stopped LSB: start Samba SMB/CIFS daemon (smbd).
         Stopping LSB: start Samba NetBIOS nameserver (nmbd)...
[[0;32m  OK  [0m] Stopped LSB: start Samba NetBIOS nameserver (nmbd).
[[0;32m  OK  [0m] Stopped target Remote File Systems.
[[0;32m  OK  [0m] Stopped target Remote File Systems (Pre).
         Stopping Login to default iSCSI targets...
[[0;32m  OK  [0m] Stopped target Basic System.
[[0;32m  OK  [0m] Stopped target Paths.
[[0;32m  OK  [0m] Stopped ACPI Events Check.
[[0;32m  OK  [0m] Stopped Dispatch Password Requests to Console Directory Watch.
[[0;32m  OK  [0m] Stopped Forward Password Requests to Wall Directory Watch.
[[0;32m  OK  [0m] Stopped target Slices.
[[0;32m  OK  [0m] Removed slice User and Session Slice.
[[0;32m  OK  [0m] Stopped target Sockets.
[[0;32m  OK  [0m] Closed LXD - unix socket.
[[0;32m  OK  [0m] Closed Syslog Socket.
[[0;32m  OK  [0m] Closed UUID daemon activation socket.
[[0;32m  OK  [0m] Closed D-Bus System Message Bus Socket.
[[0;32m  OK  [0m] Closed ACPID Listen Socket.
[[0;32m  OK  [0m] Closed Socket activation for snappy daemon.
[[0;32m  OK  [0m] Stopped target System Initialization.
[[0;32m  OK  [0m] Stopped target Encrypted Volumes.
[[0;32m  OK  [0m] Stopped Create Volatile Files and Directories.
[[0;32m  OK  [0m] Stopped Commit a transient machine-id on disk.
         Stopping Load/Save Random Seed...
[[0;32m  OK  [0m] Stopped target Swap.
[[0;32m  OK  [0m] Stopped Load/Save Random Seed.
[[0;32m  OK  [0m] Stopped Login to default iSCSI targets.
         Stopping iSCSI initiator daemon (iscsid)...
[[0;32m  OK  [0m] Stopped iSCSI initiator daemon (iscsid).
[[0;32m  OK  [0m] Stopped target Network is Online.
[[0;32m  OK  [0m] Stopped Initial cloud-init job (metadata service crawler).
[[0;32m  OK  [0m] Stopped target Network.
         Stopping Raise network interfaces...
[[0;32m  OK  [0m] Stopped Raise network interfaces.
[[0;32m  OK  [0m] Stopped Apply Kernel Variables.
[[0;32m  OK  [0m] Stopped target Network (Pre).
[[0;32m  OK  [0m] Stopped Initial cloud-init job (pre-networking).
[[0;32m  OK  [0m] Stopped target Local File Systems.
         Unmounting /vagrant...
         Unmounting /run/user/1000...
[[0;32m  OK  [0m] Stopped Load Kernel Modules.
[[0;32m  OK  [0m] Unmounted /vagrant.
[[0;32m  OK  [0m] Unmounted /run/user/1000.
[[0;32m  OK  [0m] Reached target Unmount All Filesystems.
[[0;32m  OK  [0m] Stopped target Local File Systems (Pre).
[[0;32m  OK  [0m] Stopped Remount Root and Kernel File Systems.
[[0;32m  OK  [0m] Stopped Create Static Device Nodes in /dev.
[[0;32m  OK  [0m] Reached target Shutdown.
[  516.337970] reboot: Restarting system
[    0.000000] Initializing cgroup subsys cpuset
[    0.000000] Initializing cgroup subsys cpu
[    0.000000] Initializing cgroup subsys cpuacct
[    0.000000] Linux version 4.4.0-97-generic (buildd@lcy01-33) (gcc version 5.4.0 20160609 (Ubuntu 5.4.0-6ubuntu1~16.04.4) ) #120-Ubuntu SMP Tue Sep 19 17:28:18 UTC 2017 (Ubuntu 4.4.0-97.120-generic 4.4.87)
[    0.000000] Command line: BOOT_IMAGE=/boot/vmlinuz-4.4.0-97-generic root=UUID=8411cd81-aa32-4b25-8f7b-010040496c3b ro console=tty1 console=ttyS0
[    0.000000] KERNEL supported cpus:
[    0.000000]   Intel GenuineIntel
[    0.000000]   AMD AuthenticAMD
[    0.000000]   Centaur CentaurHauls
[    0.000000] x86/fpu: xstate_offset[2]:  576, xstate_sizes[2]:  256
[    0.000000] x86/fpu: Supporting XSAVE feature 0x01: 'x87 floating point registers'
[    0.000000] x86/fpu: Supporting XSAVE feature 0x02: 'SSE registers'
[    0.000000] x86/fpu: Supporting XSAVE feature 0x04: 'AVX registers'
[    0.000000] x86/fpu: Enabled xstate features 0x7, context size is 832 bytes, using 'standard' format.
[    0.000000] x86/fpu: Using 'lazy' FPU context switches.
[    0.000000] e820: BIOS-provided physical RAM map:
[    0.000000] BIOS-e820: [mem 0x0000000000000000-0x000000000009fbff] usable
[    0.000000] BIOS-e820: [mem 0x000000000009fc00-0x000000000009ffff] reserved
[    0.000000] BIOS-e820: [mem 0x00000000000f0000-0x00000000000fffff] reserved
[    0.000000] BIOS-e820: [mem 0x0000000000100000-0x000000007ffeffff] usable
[    0.000000] BIOS-e820: [mem 0x000000007fff0000-0x000000007fffffff] ACPI data
[    0.000000] BIOS-e820: [mem 0x00000000fec00000-0x00000000fec00fff] reserved
[    0.000000] BIOS-e820: [mem 0x00000000fee00000-0x00000000fee00fff] reserved
[    0.000000] BIOS-e820: [mem 0x00000000fffc0000-0x00000000ffffffff] reserved
[    0.000000] NX (Execute Disable) protection: active
[    0.000000] SMBIOS 2.5 present.
[    0.000000] Hypervisor detected: KVM
[    0.000000] e820: last_pfn = 0x7fff0 max_arch_pfn = 0x400000000
[    0.000000] MTRR: Disabled
[    0.000000] x86/PAT: MTRRs disabled, skipping PAT initialization too.
[    0.000000] CPU MTRRs all blank - virtualized system.
[    0.000000] x86/PAT: Configuration [0-7]: WB  WT  UC- UC  WB  WT  UC- UC  
[    0.000000] found SMP MP-table at [mem 0x0009fff0-0x0009ffff] mapped at [ffff88000009fff0]
[    0.000000] Scanning 1 areas for low memory corruption
[    0.000000] RAMDISK: [mem 0x36abc000-0x37555fff]
[    0.000000] ACPI: Early table checksum verification disabled
[    0.000000] ACPI: RSDP 0x00000000000E0000 000024 (v02 VBOX  )
[    0.000000] ACPI: XSDT 0x000000007FFF0030 00003C (v01 VBOX   VBOXXSDT 00000001 ASL  00000061)
[    0.000000] ACPI: FACP 0x000000007FFF00F0 0000F4 (v04 VBOX   VBOXFACP 00000001 ASL  00000061)
[    0.000000] ACPI: DSDT 0x000000007FFF0470 0021C8 (v02 VBOX   VBOXBIOS 00000002 INTL 20100528)
[    0.000000] ACPI: FACS 0x000000007FFF0200 000040
[    0.000000] ACPI: FACS 0x000000007FFF0200 000040
[    0.000000] ACPI: APIC 0x000000007FFF0240 00005C (v02 VBOX   VBOXAPIC 00000001 ASL  00000061)
[    0.000000] ACPI: SSDT 0x000000007FFF02A0 0001CC (v01 VBOX   VBOXCPUT 00000002 INTL 20100528)
[    0.000000] No NUMA configuration found
[    0.000000] Faking a node at [mem 0x0000000000000000-0x000000007ffeffff]
[    0.000000] NODE_DATA(0) allocated [mem 0x7ffeb000-0x7ffeffff]
[    0.000000] kvm-clock: Using msrs 4b564d01 and 4b564d00
[    0.000000] kvm-clock: cpu 0, msr 0:7ffe3001, primary cpu clock
[    0.000000] kvm-clock: using sched offset of 523126827801 cycles
[    0.000000] clocksource: kvm-clock: mask: 0xffffffffffffffff max_cycles: 0x1cd42e4dffb, max_idle_ns: 881590591483 ns
[    0.000000] Zone ranges:
[    0.000000]   DMA      [mem 0x0000000000001000-0x0000000000ffffff]
[    0.000000]   DMA32    [mem 0x0000000001000000-0x000000007ffeffff]
[    0.000000]   Normal   empty
[    0.000000]   Device   empty
[    0.000000] Movable zone start for each node
[    0.000000] Early memory node ranges
[    0.000000]   node   0: [mem 0x0000000000001000-0x000000000009efff]
[    0.000000]   node   0: [mem 0x0000000000100000-0x000000007ffeffff]
[    0.000000] Initmem setup node 0 [mem 0x0000000000001000-0x000000007ffeffff]
[    0.000000] ACPI: PM-Timer IO Port: 0x4008
[    0.000000] IOAPIC[0]: apic_id 2, version 32, address 0xfec00000, GSI 0-23
[    0.000000] ACPI: INT_SRC_OVR (bus 0 bus_irq 0 global_irq 2 dfl dfl)
[    0.000000] ACPI: INT_SRC_OVR (bus 0 bus_irq 9 global_irq 9 high level)
[    0.000000] Using ACPI (MADT) for SMP configuration information
[    0.000000] smpboot: Allowing 2 CPUs, 0 hotplug CPUs
[    0.000000] PM: Registered nosave memory: [mem 0x00000000-0x00000fff]
[    0.000000] PM: Registered nosave memory: [mem 0x0009f000-0x0009ffff]
[    0.000000] PM: Registered nosave memory: [mem 0x000a0000-0x000effff]
[    0.000000] PM: Registered nosave memory: [mem 0x000f0000-0x000fffff]
[    0.000000] e820: [mem 0x80000000-0xfebfffff] available for PCI devices
[    0.000000] Booting paravirtualized kernel on KVM
[    0.000000] clocksource: refined-jiffies: mask: 0xffffffff max_cycles: 0xffffffff, max_idle_ns: 7645519600211568 ns
[    0.000000] setup_percpu: NR_CPUS:512 nr_cpumask_bits:512 nr_cpu_ids:2 nr_node_ids:1
[    0.000000] PERCPU: Embedded 34 pages/cpu @ffff88007fc00000 s98328 r8192 d32744 u1048576
[    0.000000] PV qspinlock hash table entries: 256 (order: 0, 4096 bytes)
[    0.000000] Built 1 zonelists in Node order, mobility grouping on.  Total pages: 515961
[    0.000000] Policy zone: DMA32
[    0.000000] Kernel command line: BOOT_IMAGE=/boot/vmlinuz-4.4.0-97-generic root=UUID=8411cd81-aa32-4b25-8f7b-010040496c3b ro console=tty1 console=ttyS0
[    0.000000] PID hash table entries: 4096 (order: 3, 32768 bytes)
[    0.000000] Memory: 2033900K/2096696K available (8480K kernel code, 1294K rwdata, 3984K rodata, 1492K init, 1316K bss, 62796K reserved, 0K cma-reserved)
[    0.000000] SLUB: HWalign=64, Order=0-3, MinObjects=0, CPUs=2, Nodes=1
[    0.000000] Hierarchical RCU implementation.
[    0.000000] 	Build-time adjustment of leaf fanout to 64.
[    0.000000] 	RCU restricting CPUs from NR_CPUS=512 to nr_cpu_ids=2.
[    0.000000] RCU: Adjusting geometry for rcu_fanout_leaf=64, nr_cpu_ids=2
[    0.000000] NR_IRQS:33024 nr_irqs:440 16
[    0.000000] Console: colour VGA+ 80x25
[    0.000000] console [tty1] enabled
[    0.000000] console [ttyS0] enabled
[    0.000000] tsc: Detected 2904.000 MHz processor
[    7.750898] Calibrating delay loop (skipped) preset value.. 5808.00 BogoMIPS (lpj=11616000)
[    7.752754] pid_max: default: 32768 minimum: 301
[    7.753793] ACPI: Core revision 20150930
[    7.755465] ACPI: 2 ACPI AML tables successfully acquired and loaded
[    7.808844] Security Framework initialized
[    7.853604] Yama: becoming mindful.
[    7.854455] AppArmor: AppArmor initialized
[    7.855658] Dentry cache hash table entries: 262144 (order: 9, 2097152 bytes)
[    7.857622] Inode-cache hash table entries: 131072 (order: 8, 1048576 bytes)
[    7.934270] Mount-cache hash table entries: 4096 (order: 3, 32768 bytes)
[    7.935574] Mountpoint-cache hash table entries: 4096 (order: 3, 32768 bytes)
[    7.937317] Initializing cgroup subsys io
[    7.992481] Initializing cgroup subsys memory
[    8.010303] Initializing cgroup subsys devices
[    8.031181] Initializing cgroup subsys freezer
[    8.044523] Initializing cgroup subsys net_cls
[    8.083676] Initializing cgroup subsys perf_event
[    8.142341] Initializing cgroup subsys net_prio
[    8.206534] Initializing cgroup subsys hugetlb
[    8.274759] Initializing cgroup subsys pids
[    8.275776] CPU: Physical Processor ID: 0
[    8.328551] CPU: Processor Core ID: 0
[    8.378925] mce: CPU supports 0 MCE banks
[    8.438471] Last level iTLB entries: 4KB 64, 2MB 8, 4MB 8
[    8.502153] Last level dTLB entries: 4KB 64, 2MB 0, 4MB 0, 1GB 4
[    8.592528] Freeing SMP alternatives memory: 32K
[    8.659757] ftrace: allocating 32148 entries in 126 pages
[    8.782754] smpboot: APIC(0) Converting physical 0 to logical package 0
[    8.845693] smpboot: Max logical packages: 1
[    8.867870] x2apic enabled
[    8.868737] Switched APIC routing to physical x2apic.
[    8.870929] ..TIMER: vector=0x30 apic1=0 pin1=2 apic2=-1 pin2=-1
[    9.062308] smpboot: CPU0: Intel(R) Core(TM) i5-6267U CPU @ 2.90GHz (family: 0x6, model: 0x4e, stepping: 0x3)
[    9.199598] Performance Events: unsupported p6 CPU model 78 no PMU driver, software events only.
[    9.317591] KVM setup paravirtual spinlock
[    9.373111] x86: Booting SMP configuration:
[    9.435376] .... node  #0, CPUs:      #1
[    9.490185] kvm-clock: cpu 1, msr 0:7ffe3041, secondary cpu clock
[    9.492246] mce: CPU supports 0 MCE banks
[    9.498301] x86: Booted up 1 node, 2 CPUs
[    9.539905] smpboot: Total of 2 processors activated (11616.00 BogoMIPS)
[    9.578525] devtmpfs: initialized
[    9.611357] evm: security.selinux
[    9.639817] evm: security.SMACK64
[    9.664241] evm: security.SMACK64EXEC
[    9.696237] evm: security.SMACK64TRANSMUTE
[    9.738263] evm: security.SMACK64MMAP
[    9.780026] evm: security.ima
[    9.806485] evm: security.capability
[    9.841460] clocksource: jiffies: mask: 0xffffffff max_cycles: 0xffffffff, max_idle_ns: 7645041785100000 ns
[    9.937219] futex hash table entries: 512 (order: 3, 32768 bytes)
[    9.975540] pinctrl core: initialized pinctrl subsystem
[   10.035369] RTC time:  7:58:30, date: 12/19/17
[   10.074775] NET: Registered protocol family 16
[   10.126940] cpuidle: using governor ladder
[   10.170741] cpuidle: using governor menu
[   10.204134] PCCT header not found.
[   10.240571] ACPI: bus type PCI registered
[   10.276140] acpiphp: ACPI Hot Plug PCI Controller Driver version: 0.5
[   10.328441] PCI: Using configuration type 1 for base access
[   10.391718] ACPI: Added _OSI(Module Device)
[   10.439786] ACPI: Added _OSI(Processor Device)
[   10.474611] ACPI: Added _OSI(3.0 _SCP Extensions)
[   10.524531] ACPI: Added _OSI(Processor Aggregator Device)
[   10.543984] ACPI: Executed 1 blocks of module-level executable AML code
[   10.547633] ACPI: Interpreter enabled
[   10.579027] ACPI: (supports S0 S5)
[   10.615200] ACPI: Using IOAPIC for interrupt routing
[   10.660337] PCI: Using host bridge windows from ACPI; if necessary, use "pci=nocrs" and report a bug
[   10.723434] ACPI: PCI Root Bridge [PCI0] (domain 0000 [bus 00-ff])
[   10.785423] acpi PNP0A03:00: _OSC: OS supports [ASPM ClockPM Segments MSI]
[   10.875101] acpi PNP0A03:00: _OSC failed (AE_NOT_FOUND); disabling ASPM
[   10.908905] acpi PNP0A03:00: fail to add MMCONFIG information, can't access extended PCI configuration space under this bridge.
[   10.943779] PCI host bridge to bus 0000:00
[   10.985970] pci_bus 0000:00: root bus resource [io  0x0000-0x0cf7 window]
[   11.054534] pci_bus 0000:00: root bus resource [io  0x0d00-0xffff window]
[   11.094513] pci_bus 0000:00: root bus resource [mem 0x000a0000-0x000bffff window]
[   11.159556] pci_bus 0000:00: root bus resource [mem 0x80000000-0xffdfffff window]
[   11.231320] pci_bus 0000:00: root bus resource [bus 00-ff]
[   11.283196] pci 0000:00:01.1: legacy IDE quirk: reg 0x10: [io  0x01f0-0x01f7]
[   11.350930] pci 0000:00:01.1: legacy IDE quirk: reg 0x14: [io  0x03f6]
[   11.424720] pci 0000:00:01.1: legacy IDE quirk: reg 0x18: [io  0x0170-0x0177]
[   11.492611] pci 0000:00:01.1: legacy IDE quirk: reg 0x1c: [io  0x0376]
[   11.570804] pci 0000:00:07.0: quirk: [io  0x4000-0x403f] claimed by PIIX4 ACPI
[   11.634929] pci 0000:00:07.0: quirk: [io  0x4100-0x410f] claimed by PIIX4 SMB
[   11.716738] ACPI: PCI Interrupt Link [LNKA] (IRQs 5 9 10 *11)
[   11.778479] ACPI: PCI Interrupt Link [LNKB] (IRQs 5 9 10 *11)
[   11.807738] ACPI: PCI Interrupt Link [LNKC] (IRQs 5 9 *10 11)
[   11.860730] ACPI: PCI Interrupt Link [LNKD] (IRQs 5 *9 10 11)
[   11.907787] ACPI: Enabled 2 GPEs in block 00 to 07
[   11.951096] vgaarb: setting as boot device: PCI:0000:00:02.0
[   11.997375] vgaarb: device added: PCI:0000:00:02.0,decodes=io+mem,owns=io+mem,locks=none
[   12.078014] vgaarb: loaded
[   12.103729] vgaarb: bridge control possible 0000:00:02.0
[   12.144329] SCSI subsystem initialized
[   12.145366] ACPI: bus type USB registered
[   12.183909] usbcore: registered new interface driver usbfs
[   12.232307] usbcore: registered new interface driver hub
[   12.233423] usbcore: registered new device driver usb
[   12.247511] PCI: Using ACPI for IRQ routing
[   12.262498] NetLabel: Initializing
[   12.302538] NetLabel:  domain hash size = 128
[   12.352616] NetLabel:  protocols = UNLABELED CIPSOv4
[   12.353674] NetLabel:  unlabeled traffic allowed by default
[   12.394479] amd_nb: Cannot enumerate AMD northbridges
[   12.441948] clocksource: Switched to clocksource kvm-clock
[   12.512022] AppArmor: AppArmor Filesystem Enabled
[   12.613729] pnp: PnP ACPI init
[   12.685362] pnp: PnP ACPI: found 3 devices
[   12.706401] clocksource: acpi_pm: mask: 0xffffff max_cycles: 0xffffff, max_idle_ns: 2085701024 ns
[   12.907895] NET: Registered protocol family 2
[   13.007553] TCP established hash table entries: 16384 (order: 5, 131072 bytes)
[   13.165396] TCP bind hash table entries: 16384 (order: 6, 262144 bytes)
[   13.303441] TCP: Hash tables configured (established 16384 bind 16384)
[   13.428037] UDP hash table entries: 1024 (order: 3, 32768 bytes)
[   13.561549] UDP-Lite hash table entries: 1024 (order: 3, 32768 bytes)
[   13.692069] NET: Registered protocol family 1
[   13.778529] pci 0000:00:00.0: Limiting direct PCI/PCI transfers
[   13.852081] pci 0000:00:01.0: Activating ISA DMA hang workarounds
[   13.963945] Unpacking initramfs...
[   15.712015] Freeing initrd memory: 10856K
[   15.758242] platform rtc_cmos: registered platform RTC device (no PNP device found)
[   15.864863] Scanning for low memory corruption every 60 seconds
[   15.866819] audit: initializing netlink subsys (disabled)
[   15.927853] audit: type=2000 audit(1513670829.105:1): initialized
[   15.995003] Initialise system trusted keyring
[   16.038052] HugeTLB registered 2 MB page size, pre-allocated 0 pages
[   16.174643] zbud: loaded
[   16.234164] VFS: Disk quotas dquot_6.6.0
[   16.267568] VFS: Dquot-cache hash table entries: 512 (order 0, 4096 bytes)
[   16.269146] squashfs: version 4.0 (2009/01/31) Phillip Lougher
[   16.270691] fuse init (API version 7.23)
[   16.353338] Key type big_key registered
[   16.428401] Allocating IMA MOK and blacklist keyrings.
[   16.550129] Key type asymmetric registered
[   16.578137] Asymmetric key parser 'x509' registered
[   16.631316] Block layer SCSI generic (bsg) driver version 0.4 loaded (major 249)
[   16.718278] io scheduler noop registered
[   16.765064] tsc: Refined TSC clocksource calibration: 2903.267 MHz
[   16.883219] clocksource: tsc: mask: 0xffffffffffffffff max_cycles: 0x29d9510e5e7, max_idle_ns: 440795212936 ns
[   16.883287] io scheduler deadline registered (default)
[   16.883338] io scheduler cfq registered
[   16.883432] pci_hotplug: PCI Hot Plug PCI Core version: 0.5
[   16.883436] pciehp: PCI Express Hot Plug Controller Driver version: 0.4
[   16.883747] ACPI: AC Adapter [AC] (on-line)
[   16.883794] input: Power Button as /devices/LNXSYSTM:00/LNXPWRBN:00/input/input0
[   16.883796] ACPI: Power Button [PWRF]
[   16.883855] input: Sleep Button as /devices/LNXSYSTM:00/LNXSLPBN:00/input/input1
[   16.883856] ACPI: Sleep Button [SLPF]
[   16.884735] ACPI: Battery Slot [BAT0] (battery present)
[   16.884764] GHES: HEST is not enabled!
[   16.884852] Serial: 8250/16550 driver, 32 ports, IRQ sharing enabled
[   17.044727] 00:02: ttyS0 at I/O 0x3f8 (irq = 4, base_baud = 115200) is a 16550A
[   17.116414] Linux agpgart interface v0.103
[   17.132772] loop: module loaded
[   17.133216] scsi host0: ata_piix
[   17.133260] scsi host1: ata_piix
[   17.133285] ata1: PATA max UDMA/33 cmd 0x1f0 ctl 0x3f6 bmdma 0xd000 irq 14
[   17.133285] ata2: PATA max UDMA/33 cmd 0x170 ctl 0x376 bmdma 0xd008 irq 15
[   17.133350] libphy: Fixed MDIO Bus: probed
[   17.133352] tun: Universal TUN/TAP device driver, 1.6
[   17.133353] tun: (C) 1999-2004 Max Krasnyansky <maxk@qualcomm.com>
[   17.133621] PPP generic driver version 2.4.2
[   17.133671] ehci_hcd: USB 2.0 'Enhanced' Host Controller (EHCI) Driver
[   17.133675] ehci-pci: EHCI PCI platform driver
[   17.133689] ehci-platform: EHCI generic platform driver
[   17.133697] ohci_hcd: USB 1.1 'Open' Host Controller (OHCI) Driver
[   17.133700] ohci-pci: OHCI PCI platform driver
[   17.133707] ohci-platform: OHCI generic platform driver
[   17.133713] uhci_hcd: USB Universal Host Controller Interface driver
[   17.133763] i8042: PNP: PS/2 Controller [PNP0303:PS2K,PNP0f03:PS2M] at 0x60,0x64 irq 1,12
[   17.196294] serio: i8042 KBD port at 0x60,0x64 irq 1
[   17.196300] serio: i8042 AUX port at 0x60,0x64 irq 12
[   17.196437] mousedev: PS/2 mouse device common for all mice
[   17.196721] rtc_cmos rtc_cmos: rtc core: registered rtc_cmos as rtc0
[   17.196772] rtc_cmos rtc_cmos: alarms up to one day, 114 bytes nvram
[   17.196778] i2c /dev entries driver
[   17.196846] device-mapper: uevent: version 1.0.3
[   17.196898] device-mapper: ioctl: 4.34.0-ioctl (2015-10-28) initialised: dm-devel@redhat.com
[   17.196912] ledtrig-cpu: registered to indicate activity on CPUs
[   17.197138] NET: Registered protocol family 10
[   17.197270] NET: Registered protocol family 17
[   17.197279] Key type dns_resolver registered
[   17.209800] microcode: CPU0 sig=0x406e3, pf=0x2, revision=0x0
[   17.209818] microcode: CPU1 sig=0x406e3, pf=0x2, revision=0x0
[   17.209874] microcode: Microcode Update Driver: v2.01 <tigran@aivazian.fsnet.co.uk>, Peter Oruba
[   17.209986] registered taskstats version 1
[   17.210001] Loading compiled-in X.509 certificates
[   17.210890] Loaded X.509 cert 'Build time autogenerated kernel key: d1010f9627fd9242df4b03365d2931dfd1ad3d42'
[   17.210909] zswap: loaded using pool lzo/zbud
[   17.212081] Key type trusted registered
[   17.213926] Key type encrypted registered
[   17.213930] AppArmor: AppArmor sha1 policy hashing enabled
[   17.213933] ima: No TPM chip found, activating TPM-bypass!
[   17.213951] evm: HMAC attrs: 0x1
[   17.214255]   Magic number: 13:647:976
[   17.234510] rtc_cmos rtc_cmos: setting system clock to 2017-12-19 07:58:37 UTC (1513670317)
[   17.234630] BIOS EDD facility v0.16 2004-Jun-25, 0 devices found
[   17.234630] EDD information not available.
[   17.495676] input: AT Translated Set 2 keyboard as /devices/platform/i8042/serio0/input/input2
[   18.926599] Freeing unused kernel memory: 1492K
[   18.938156] Write protecting the kernel read-only data: 14336k
[   18.950057] Freeing unused kernel memory: 1748K
[   19.005901] Freeing unused kernel memory: 112K
Loading, please wait...
starting version[   19.043344] random: systemd-udevd: uninitialized urandom read (16 bytes read, 5 bits of entropy available)
 229
[   19.044291] random: udevadm: uninitialized urandom read (16 bytes read, 5 bits of entropy available)
[   19.044315] random: udevadm: uninitialized urandom read (16 bytes read, 5 bits of entropy available)
[   19.054484] random: udevadm: uninitialized urandom read (16 bytes read, 5 bits of entropy available)
[   19.054532] random: udevadm: uninitialized urandom read (16 bytes read, 5 bits of entropy available)
[   19.054691] random: udevadm: uninitialized urandom read (16 bytes read, 5 bits of entropy available)
[   19.054749] random: udevadm: uninitialized urandom read (16 bytes read, 5 bits of entropy available)
[   19.054807] random: udevadm: uninitialized urandom read (16 bytes read, 5 bits of entropy available)
[   19.054864] random: udevadm: uninitialized urandom read (16 bytes read, 5 bits of entropy available)
[   19.054920] random: udevadm: uninitialized urandom read (16 bytes read, 5 bits of entropy available)
[   20.352006] e1000: Intel(R) PRO/1000 Network Driver - version 7.3.21-k8-NAPI
[   20.362435] e1000: Copyright (c) 1999-2006 Intel Corporation.
[   20.374992] Fusion MPT base driver 3.04.20
[   20.397283] Copyright (c) 1999-2008 LSI Corporation
[   20.403946] Fusion MPT SPI Host driver 3.04.20
[   20.421770] AVX version of gcm_enc/dec engaged.
[   20.461146] AES CTR mode by8 optimization enabled
[   20.661491] input: ImExPS/2 Generic Explorer Mouse as /devices/platform/i8042/serio1/input/input4
[   20.755090] e1000 0000:00:03.0 eth0: (PCI:33MHz:32-bit) 02:30:15:13:4f:ec
[   20.833927] e1000 0000:00:03.0 eth0: Intel(R) PRO/1000 Network Connection
[   21.287420] e1000 0000:00:08.0 eth1: (PCI:33MHz:32-bit) 08:00:27:35:11:26
[   21.387542] e1000 0000:00:08.0 eth1: Intel(R) PRO/1000 Network Connection
[   21.816261] e1000 0000:00:09.0 eth2: (PCI:33MHz:32-bit) 08:00:27:1e:f9:4e
[   21.952805] e1000 0000:00:09.0 eth2: Intel(R) PRO/1000 Network Connection
[   22.008587] mptbase: ioc0: Initiating bringup
[   22.008785] e1000 0000:00:08.0 enp0s8: renamed from eth1
[   22.219280] e1000 0000:00:09.0 enp0s9: renamed from eth2
[   22.291704] e1000 0000:00:03.0 enp0s3: renamed from eth0
[   22.446710] ioc0: LSI53C1030 A0: Capabilities={Initiator}
[   22.671659] scsi host2: ioc0: LSI53C1030 A0, FwRev=00000000h, Ports=1, MaxQ=256, IRQ=20
[   22.790583] scsi 2:0:0:0: Direct-Access     VBOX     HARDDISK         1.0  PQ: 0 ANSI: 5
[   22.802149] scsi target2:0:0: Beginning Domain Validation
[   22.804720] scsi target2:0:0: Domain Validation skipping write tests
[   22.825069] scsi target2:0:0: Ending Domain Validation
[   22.838920] scsi target2:0:0: asynchronous
[   22.855059] scsi 2:0:1:0: Direct-Access     VBOX     HARDDISK         1.0  PQ: 0 ANSI: 5
[   23.015256] scsi target2:0:1: Beginning Domain Validation
[   23.210028] scsi target2:0:1: Domain Validation skipping write tests
[   23.275337] scsi target2:0:1: Ending Domain Validation
[   23.276930] scsi target2:0:1: asynchronous
[   23.407805] floppy0: no floppy controllers found
[   23.455059] sd 2:0:0:0: Attached scsi generic sg0 type 0
[   23.555787] sd 2:0:0:0: [sda] 20971520 512-byte logical blocks: (10.7 GB/10.0 GiB)
[   23.587404] sd 2:0:1:0: Attached scsi generic sg1 type 0
[   23.592218] sd 2:0:0:0: [sda] Write Protect is off
[   23.592306] sd 2:0:0:0: [sda] Incomplete mode parameter data
[   23.592307] sd 2:0:0:0: [sda] Assuming drive cache: write through
[   23.618310] sd 2:0:1:0: [sdb] 20480 512-byte logical blocks: (10.5 MB/10.0 MiB)
[   23.618680] sd 2:0:1:0: [sdb] Write Protect is off
[   23.618770] sd 2:0:1:0: [sdb] Incomplete mode parameter data
[   23.618771] sd 2:0:1:0: [sdb] Assuming drive cache: write through
[   23.621154]  sda: sda1
[   23.622529] sd 2:0:0:0: [sda] Attached SCSI disk
[   23.622736] sd 2:0:1:0: [sdb] Attached SCSI disk
Begin: Loading e[   25.221956] md: linear personality registered for level -1
ssential drivers[   25.300234] md: multipath personality registered for level -4
 ... [   25.389087] md: raid0 personality registered for level 0
[   25.474812] md: raid1 personality registered for level 1
[   25.669965] raid6: sse2x1   gen()  8887 MB/s
[   25.789967] raid6: sse2x1   xor()  5691 MB/s
[   25.893980] raid6: sse2x2   gen() 10556 MB/s
[   26.018030] raid6: sse2x2   xor()  7275 MB/s
[   26.122503] raid6: sse2x4   gen() 12212 MB/s
[   26.234145] raid6: sse2x4   xor()  8254 MB/s
[   26.282388] raid6: using algorithm sse2x4 gen() 12212 MB/s
[   26.362712] raid6: .... xor() 8254 MB/s, rmw enabled
[   26.413959] raid6: using ssse3x2 recovery algorithm
[   26.491872] xor: automatically using best checksumming function:
[   26.561930]    avx       : 29928.000 MB/sec
[   26.640005] async_tx: api initialized (async)
[   26.701363] md: raid6 personality registered for level 6
[   26.759996] md: raid5 personality registered for level 5
[   26.820842] md: raid4 personality registered for level 4
[   26.888746] md: raid10 personality registered for level 10
done.
Begin: Running /scripts/init-premount ... done[   27.040670] Btrfs loaded
.
Begin: Mounting root file system ... Begin: Running /scripts/[   27.105679] EXT4-fs (sda1): mounted filesystem with ordered data mode. Opts: (null)
local-top ... done.
Begin: Running /scripts/local-premount ... Scanning for Btrfs filesystems
done.
Warning: fsck not present, so skipping root file system
done.
Begin: Running /scripts/local-bottom ... done.
Begin: Running /scripts/init-bottom ... done.
[   27.215957] systemd[1]: systemd 229 running in system mode. (+PAM +AUDIT +SELINUX +IMA +APPARMOR +SMACK +SYSVINIT +UTMP +LIBCRYPTSETUP +GCRYPT +GNUTLS +ACL +XZ -LZ4 +SECCOMP +BLKID +ELFUTILS +KMOD -IDN)
[   27.420299] systemd[1]: Detected virtualization oracle.
[   27.463817] systemd[1]: Detected architecture x86-64.

Welcome to [1mUbuntu 16.04.3 LTS[0m!

[   27.576112] systemd[1]: Set hostname to <webdev>.
[   27.750094] systemd[1]: Listening on LVM2 poll daemon socket.
[[0;32m  OK  [0m] Listening on LVM2 poll daemon socket.
[   27.871408] systemd[1]: Listening on udev Control Socket.
[[0;32m  OK  [0m] Listening on udev Control Socket.
[   28.038771] systemd[1]: Listening on Device-mapper event daemon FIFOs.
[[0;32m  OK  [0m] Listening on Device-mapper event daemon FIFOs.
[   28.179694] systemd[1]: Listening on Syslog Socket.
[[0;32m  OK  [0m] Listening on Syslog Socket.
[   28.294752] systemd[1]: Started Forward Password Requests to Wall Directory Watch.
[[0;32m  OK  [0m] Started Forward Password Requests to Wall Directory Watch.
[   28.542470] systemd[1]: Reached target Swap.
[[0;32m  OK  [0m] Reached target Swap.
[   28.667418] systemd[1]: Created slice System Slice.
[[0;32m  OK  [0m] Created slice System Slice.
[   28.724223] systemd[1]: Created slice system-serial\x2dgetty.slice.
[[0;32m  OK  [0m] Created slice system-serial\x2dgetty.slice.
[   28.769343] random: nonblocking pool is initialized
[   28.891584] systemd[1]: Reached target Encrypted Volumes.
[[0;32m  OK  [0m] Reached target Encrypted Volumes.
[   29.063194] systemd[1]: Listening on Journal Socket (/dev/log).
[[0;32m  OK  [0m] Listening on Journal Socket (/dev/log).
[   29.202751] systemd[1]: Listening on /dev/initctl Compatibility Named Pipe.
[[0;32m  OK  [0m] Listening on /dev/initctl Compatibility Named Pipe.
[   29.299151] systemd[1]: Created slice User and Session Slice.
[[0;32m  OK  [0m] Created slice User and Session Slice.
[   29.479348] systemd[1]: Listening on Journal Audit Socket.
[[0;32m  OK  [0m] Listening on Journal Audit Socket.
[   29.678913] systemd[1]: Reached target User and Group Name Lookups.
[[0;32m  OK  [0m] Reached target User and Group Name Lookups.
[   29.870973] systemd[1]: Listening on LVM2 metadata daemon socket.
[[0;32m  OK  [0m] Listening on LVM2 metadata daemon socket.
[   30.050849] systemd[1]: Listening on udev Kernel Socket.
[[0;32m  OK  [0m] Listening on udev Kernel Socket.
[   30.088375] systemd[1]: Started Trigger resolvconf update for networkd DNS.
[[0;32m  OK  [0m] Started Trigger resolvconf update for networkd DNS.
[   30.175162] systemd[1]: Listening on Journal Socket.
[[0;32m  OK  [0m] Listening on Journal Socket.
[   30.234344] systemd[1]: Starting Uncomplicated firewall...
         Starting Uncomplicated firewall...
[   30.366739] systemd[1]: Mounting Huge Pages File System...
         Mounting Huge Pages File System...
[   30.446876] systemd[1]: Starting Load Kernel Modules...
         Starting Load Kernel Modules...[   30.514297] Loading iSCSI transport class v2.0-870.

[   30.636994] systemd[1]: Mounting Debug File System...
         Mounting Debug File System...
[   30.694653] systemd[1]: Starting Nameserver information manager...
         Starting Nameserver information manager...
[   30.739128] iscsi: registered transport (tcp)
[   30.822911] systemd[1]: Starting Remount Root and Kernel File Systems...
[   30.832912] EXT4-fs (sda1): re-mounted. Opts: (null)
         Starting Remount Root and Kernel File S[   30.853400] iscsi: registered transport (iser)
ystems...
[   30.966874] systemd[1]: Starting Set console keymap...
         Starting Set console keymap...
[   31.174408] systemd[1]: Mounting POSIX Message Queue File System...
         Mounting POSIX Message Queue File System...
[   31.339054] systemd[1]: Starting Journal Service...
         Starting Journal Service...
[   31.490787] systemd[1]: Set up automount Arbitrary Executable File Formats File System Automount Point.
[[0;32m  OK  [0m] Set up automount Arbitrary Executab...ats File System Automount Point.
[   31.682726] systemd[1]: Starting Monitoring of LVM2 mirrors, snapshots etc. using dmeventd or progress polling...
         Starting Monitoring of LVM2 mirrors... dmeventd or progress polling...
[   31.822800] systemd[1]: Starting Create list of required static device nodes for the current kernel...
         Starting Create list of required st... nodes for the current kernel...
[   32.098905] systemd[1]: Reached target Slices.
[[0;32m  OK  [0m] Reached target Slices.
[   32.247466] systemd[1]: Mounted POSIX Message Queue File System.
[[0;32m  OK  [0m] Mounted POSIX Message Queue File System.
[   32.407225] systemd[1]: Mounted Debug File System.
[[0;32m  OK  [0m] Mounted Debug File System.
[   32.546916] systemd[1]: Mounted Huge Pages File System.
[[0;32m  OK  [0m] Mounted Huge Pages File System.
[   32.674666] systemd[1]: Started Journal Service.
[[0;32m  OK  [0m] Started Journal Service.
[[0;32m  OK  [0m] Started Uncomplicated firewall.
[[0;32m  OK  [0m] Started Load Kernel Modules.
[[0;32m  OK  [0m] Started Remount Root and Kernel File Systems.
[[0;32m  OK  [0m] Started Set console keymap.
[[0;32m  OK  [0m] Started Create list of required sta...ce nodes for the current kernel.
[[0;32m  OK  [0m] Started Nameserver information manager.
[[0;32m  OK  [0m] Started LVM2 metadata daemon.
         Starting Create Static Device Nodes in /dev...
         Starting Initial cloud-init job (pre-networking)...
         Starting udev Coldplug all Devices...
         Starting Load/Save Random Seed...
         Starting Apply Kernel Variables...
         Mounting FUSE Control File System...
         Starting Flush Journal to Persistent Storage...
[[0;32m  OK  [0m] Mounted FUSE Control File System.
[[0;32m  OK  [0m] Started Create Static Device Nodes in /dev.
[[0;32m  OK  [0m] Started Load/Save Random Seed.
[[0;32m  OK  [0m] Started Monitoring of LVM2 mirrors,...ng dmeventd or progress polling.
[[0;32m  OK  [0m] Started Apply Kernel Variables.
[[0;32m  OK  [0m] Started udev Coldplug all Devices.
[[0;32m  OK  [0m] Started Flush Journal to Persistent Storage.
         Starting udev Kernel Device Manager...
[[0;32m  OK  [0m] Started udev Kernel Device Manager.
[[0;32m  OK  [0m] Reached target Local File Systems (Pre).
[[0;32m  OK  [0m] Reached target Local File Systems.
         Starting Create Volatile Files and Directories...
         Starting LSB: AppArmor initialization...
         Starting Tell Plymouth To Write Out Runtime Data...
         Starting Set console font and keymap...
[[0;32m  OK  [0m] Started Dispatch Password Requests to Console Directory Watch.
[[0;32m  OK  [0m] Started Create Volatile Files and Directories.
[[0;32m  OK  [0m] Started Tell Plymouth To Write Out Runtime Data.
[[0;32m  OK  [0m] Found device /dev/ttyS0.
[[0;32m  OK  [0m] Started Set console font and keymap.
[   22.491399] cloud-init[447]: Cloud-init v. 0.7.9 running 'init-local' at Tue, 19 Dec 2017 07:58:54 +0000. Up 22.07 seconds.
[[0;32m  OK  [0m] Started Initial cloud-init job (pre-networking).
[[0;32m  OK  [0m] Listening on Load/Save RF Kill Switch Status /dev/rfkill Watch.
[[0;32m  OK  [0m] Reached target Network (Pre).
[[0;32m  OK  [0m] Created slice system-getty.slice.
         Starting Update UTMP about System Boot/Shutdown...
[[0;32m  OK  [0m] Reached target System Time Synchronized.
[[0;32m  OK  [0m] Started LSB: AppArmor initialization.
[[0;32m  OK  [0m] Found device 82540EM Gigabit Ethern...r (PRO/1000 MT Desktop Adapter).
[[0;32m  OK  [0m] Found device 82540EM Gigabit Ethern...r (PRO/1000 MT Desktop Adapter).
[[0;32m  OK  [0m] Started ifup for enp0s3.
[[0;32m  OK  [0m] Started ifup for enp0s8.
[[0;32m  OK  [0m] Started ifup for enp0s9.
         Starting Raise network interfaces...
[[0;32m  OK  [0m] Started Update UTMP about System Boot/Shutdown.
         Starting LSB: start Samba SMB/CIFS daemon (smbd)...
[[0;32m  OK  [0m] Started LSB: start Samba SMB/CIFS daemon (smbd).
[[0;32m  OK  [0m] Started Raise network interfaces.
         Starting Initial cloud-init job (metadata service crawler)...
[   25.868674] cloud-init[1301]: Cloud-init v. 0.7.9 running 'init' at Tue, 19 Dec 2017 07:58:57 +0000. Up 25.57 seconds.
[[0;32m  OK  [0m] Started Initial cloud-init job (metadata service crawler).
[   25.986974] cloud-init[1301]: ci-info: +++++++++++++++++++++++++++++++Net device info++++++++++++++++++++++++++++++++
[   26.176386] cloud-init[1301]: ci-info: +--------+------+----------------+---------------+-------+-------------------+
[   26.244546] cloud-init[1301]: ci-info: | Device |  Up  |    Address     |      Mask     | Scope |     Hw-Address    |
[   26.353540] cloud-init[1301]: ci-info: +--------+------+----------------+---------------+-------+-------------------+
[   26.428443] cloud-init[1301]: ci-info: | enp0s3 | True |   10.0.2.15    | 255.255.255.0 |   .   | 02:30:15:13:4f:ec |
[[0;32m  OK  [0m] Reached target System Initialization.
[   26.533567] cloud-init[1301]: ci-info: | enp0s9 | True | 192.168.196.8  | 255.255.255.0 |   .   | 08:00:27:1e:f9:4e |
[   26.696647] cloud-init[1301]: ci-info: | enp0s8 | True | 192.168.56.101 | 255.255.255.0 |   .   | 08:00:27:35:11:26 |
[   26.821397] cloud-init[1301]: ci-info: |   lo   | True |   127.0.0.1    |   255.0.0.0   |   .   |         .         |
[   26.940894] cloud-init[1301]: ci-info: +--------+------+----------------+---------------+-------+-------------------+
         Starting LXD - unix socket.
[[0;32m  OK  [0m] Started Daily Cleanup of Temporary Directories.
[   27.039880] cloud-init[1301]: ci-info: ++++++++++++++++++++++++++++Route IPv4 info+++++++++++++++++++++++++++++
[   27.253060] cloud-init[1301]: ci-info: +-------+---------------+----------+---------------+-----------+-------+
[   27.364845] cloud-init[1301]: ci-info: | Route |  Destination  | Gateway  |    Genmask    | Interface | Flags |
[   27.469102] cloud-init[1301]: ci-info: +-------+---------------+----------+---------------+-----------+-------+
[   27.584928] cloud-init[1301]: ci-info: |   0   |    0.0.0.0    | 10.0.2.2 |    0.0.0.0    |   enp0s3  |   UG  |
[[0;32m  OK  [0m] Started Timer to automatically fetch and run repair assertions.
[[0;32m  OK  [0m] Started Timer to automatically refresh installed snaps.
[   27.676347] cloud-init[1301]: ci-info: |   1   |    10.0.2.0   | 0.0.0.0  | 255.255.255.0 |   enp0s3  |   U   |
[   27.920708] cloud-init[1301]: ci-info: |   2   |  192.168.56.0 | 0.0.0.0  | 255.255.255.0 |   enp0s8  |   U   |
[   28.030496] cloud-init[1301]: ci-info: |   3   | 192.168.196.0 | 0.0.0.0  | 255.255.255.0 |   enp0s9  |   U   |
         Starting Socket activation for snappy daemon.
[[0;32m  OK  [0m] Listening on UUID daemon activation socket.
[[0;32m  OK  [0m] Listening on ACPID Listen Socket.
[   28.159145] cloud-init[1301]: ci-info: +-------+---------------+----------+---------------+-----------+-------+
[[0;32m  OK  [0m] Started ACPI Events Check.
[[0;32m  OK  [0m] Reached target Paths.
[[0;32m  OK  [0m] Listening on D-Bus System Message Bus Socket.
[[0;32m  OK  [0m] Reached target Cloud-config availability.
[[0;32m  OK  [0m] Listening on LXD - unix socket.
[[0;32m  OK  [0m] Listening on Socket activation for snappy daemon.
[[0;32m  OK  [0m] Reached target Sockets.
[[0;32m  OK  [0m] Reached target Basic System.
[[0;32m  OK  [0m] Started Deferred execution scheduler.
[[0;32m  OK  [0m] Started D-Bus System Message Bus.
         Starting Network Manager...
         Starting LSB: MD monitoring daemon...
[[0;32m  OK  [0m] Started FUSE filesystem for LXC.
[[0;32m  OK  [0m] Started Run anacron jobs.
         Starting Snappy daemon...
         Starting Accounts Service...
         Starting Login Service...
         Starting Detect the available GPUs and deal with any system changes...
[[0;32m  OK  [0m] Started ACPI event daemon.
[[0;32m  OK  [0m] Started Regular background program processing daemon.
         Starting LSB: Record successful boot for GRUB...
         Starting System Logging Service...
         Starting LXD - container startup/shutdown...
[[0;32m  OK  [0m] Started Snappy daemon.
[[0;32m  OK  [0m] Started System Logging Service.
[[0;32m  OK  [0m] Started Detect the available GPUs and deal with any system changes.
[[0;32m  OK  [0m] Started LSB: MD monitoring daemon.
[[0;32m  OK  [0m] Started LXD - container startup/shutdown.
[[0;32m  OK  [0m] Started Network Manager.
[[0;32m  OK  [0m] Started Login Service.
[[0;32m  OK  [0m] Started LSB: Record successful boot for GRUB.
         Starting Authenticate and Authorize Users to Run Privileged Tasks...
         Starting Network Manager Script Dispatcher Service...
[[0;32m  OK  [0m] Reached target Network.
[[0;32m  OK  [0m] Started Unattended Upgrades Shutdown.
         Starting MySQL Community Server...
         Starting Tomcat9...
         Starting Network Manager Wait Online...
         Starting Auto import assertions from block devices...
[[0;1;31mFAILED[0m] Failed to start Tomcat9.
See 'systemctl status tomcat.service' for details.
[[0;32m  OK  [0m] Started Auto import assertions from block devices.
[[0;32m  OK  [0m] Started Authenticate and Authorize Users to Run Privileged Tasks.
[[0;32m  OK  [0m] Started Accounts Service.
[[0;32m  OK  [0m] Started Network Manager Script Dispatcher Service.
         Starting Hostname Service...
[[0;32m  OK  [0m] Started Hostname Service.
[[0;32m  OK  [0m] Started Network Manager Wait Online.
[[0;32m  OK  [0m] Reached target Network is Online.
         Starting iSCSI initiator daemon (iscsid)...
         Starting /etc/rc.local Compatibility...
         Starting Apply the settings specified in cloud-config...
[[0;32m  OK  [0m] Started Daily apt download activities.
[[0;32m  OK  [0m] Started Daily apt upgrade and clean activities.
[[0;32m  OK  [0m] Reached target Timers.
         Starting OpenBSD Secure Shell server...
[[0;32m  OK  [0m] Started OpenBSD Secure Shell server.
[[0;32m  OK  [0m] Started /etc/rc.local Compatibility.
[[0;32m  OK  [0m] Started iSCSI initiator daemon (iscsid).
         Starting Login to default iSCSI targets...
[[0;32m  OK  [0m] Started Login to default iSCSI targets.
[[0;32m  OK  [0m] Reached target Remote File Systems (Pre).
[[0;32m  OK  [0m] Reached target Remote File Systems.
[   30.503814] cloud-init[1513]: Cloud-init v. 0.7.9 running 'modules:config' at Tue, 19 Dec 2017 07:59:02 +0000. Up 30.38 seconds.
         Starting LSB: VirtualBox Linux Additions...
         Starting LSB: automatic crash report generation...
         Starting LSB: Set the CPU Frequency Scaling governor to "ondemand"...
         Starting LSB: start Samba daemons for the AD DC...
         Starting Permit User Sessions...
         Starting LSB: daemon to balance interrupts for SMP systems...
         Starting LSB: start Samba NetBIOS nameserver (nmbd)...
[[0;32m  OK  [0m] Started MySQL Community Server.
[[0;32m  OK  [0m] Started Apply the settings specified in cloud-config.
[[0;32m  OK  [0m] Started Permit User Sessions.
[[0;32m  OK  [0m] Started LSB: Set the CPU Frequency Scaling governor to "ondemand".
[[0;32m  OK  [0m] Started LSB: VirtualBox Linux Additions.
[[0;32m  OK  [0m] Started LSB: automatic crash report generation.
         Starting Hold until boot process finishes up...
         Starting Light Display Manager...
[[0;32m  OK  [0m] Started LSB: daemon to balance interrupts for SMP systems.
[[0;32m  OK  [0m] Started LSB: start Samba daemons for the AD DC.
[[0;32m  OK  [0m] Started LSB: start Samba NetBIOS nameserver (nmbd).
[[0;32m  OK  [0m] Started Hold until boot process finishes up.
         Starting Set console scheme...
[[0;32m  OK  [0m] Started Serial Getty on ttyS0.
[[0;32m  OK  [0m] Started Getty on tty1.
[[0;32m  OK  [0m] Reached target Login Prompts.
[[0;32m  OK  [0m] Reached target Multi-User System.
         Starting Execute cloud user/final scripts...
[[0;32m  OK  [0m] Started Set console scheme.
[[0;32m  OK  [0m] Started Light Display Manager.
[[0;32m  OK  [0m] Reached target Graphical Interface.
         Starting Update UTMP about System Runlevel Changes...
[[0;32m  OK  [0m] Started Update UTMP about System Runlevel Changes.
[[0;32m  OK  [0m] Created slice User Slice of lightdm.
         Starting User Manager for UID 112...
[[0;32m  OK  [0m] Started User Manager for UID 112.
[[0;32m  OK  [0m] Started Session c1 of user lightdm.
[   32.416584] cloud-init[1680]: Cloud-init v. 0.7.9 running 'modules:final' at Tue, 19 Dec 2017 07:59:04 +0000. Up 32.28 seconds.
[   32.489634] cloud-init[1680]: Cloud-init v. 0.7.9 finished at Tue, 19 Dec 2017 07:59:04 +0000. Datasource DataSourceNoCloud [seed=/dev/sdb][dsmode=net].  Up 32.41 seconds
[[0;32m  OK  [0m] Started Execute cloud user/final scripts.
[[0;32m  OK  [0m] Reached target Cloud-init target.

Ubuntu 16.04.3 LTS webdev ttyS0

webdev login: 